Archive member included to satisfy reference by file (symbol)

D:\Workspace\gitLab_workspace\cn028-1-digital-power-pfc\CN028_1_3600W_bidirectional_totempole_converter_debug\lib\libDigitPow_Lib.a(digitPow_lib.o)
                              ./src/digitPow.o (AntiSatPID_calc)
d:/cdpf/gnu arm embedded toolchain/10 2021.10/bin/../lib/gcc/arm-none-eabi/10.3.1/thumb/v8-m.main+fp/hard\libgcc.a(_arm_addsubdf3.o)
                              ./src/hal_entry.o (__aeabi_f2d)
d:/cdpf/gnu arm embedded toolchain/10 2021.10/bin/../lib/gcc/arm-none-eabi/10.3.1/thumb/v8-m.main+fp/hard\libgcc.a(_arm_truncdfsf2.o)
                              ./src/hal_entry.o (__aeabi_d2f)
d:/cdpf/gnu arm embedded toolchain/10 2021.10/bin/../lib/gcc/arm-none-eabi/10.3.1/thumb/v8-m.main+fp/hard\libgcc.a(_aeabi_ldivmod.o)
                              ./ra/fsp/src/r_sci_b_uart/r_sci_b_uart.o (__aeabi_ldivmod)
d:/cdpf/gnu arm embedded toolchain/10 2021.10/bin/../lib/gcc/arm-none-eabi/10.3.1/thumb/v8-m.main+fp/hard\libgcc.a(_udivmoddi4.o)
                              d:/cdpf/gnu arm embedded toolchain/10 2021.10/bin/../lib/gcc/arm-none-eabi/10.3.1/thumb/v8-m.main+fp/hard\libgcc.a(_aeabi_ldivmod.o) (__udivmoddi4)
d:/cdpf/gnu arm embedded toolchain/10 2021.10/bin/../lib/gcc/arm-none-eabi/10.3.1/thumb/v8-m.main+fp/hard\libgcc.a(_dvmd_tls.o)
                              d:/cdpf/gnu arm embedded toolchain/10 2021.10/bin/../lib/gcc/arm-none-eabi/10.3.1/thumb/v8-m.main+fp/hard\libgcc.a(_aeabi_ldivmod.o) (__aeabi_ldiv0)
d:/cdpf/gnu arm embedded toolchain/10 2021.10/bin/../lib/gcc/arm-none-eabi/10.3.1/../../../../arm-none-eabi/lib/thumb/v8-m.main+fp/hard\libg_nano.a(lib_a-errno.o)
                              ./ra/fsp/src/bsp/mcu/all/bsp_sbrk.o (__errno)
d:/cdpf/gnu arm embedded toolchain/10 2021.10/bin/../lib/gcc/arm-none-eabi/10.3.1/../../../../arm-none-eabi/lib/thumb/v8-m.main+fp/hard\libg_nano.a(lib_a-exit.o)
                              d:/cdpf/gnu arm embedded toolchain/10 2021.10/bin/../lib/gcc/arm-none-eabi/10.3.1/../../../../arm-none-eabi/lib/thumb/v8-m.main+fp/hard/rdimon-crt0.o (exit)
d:/cdpf/gnu arm embedded toolchain/10 2021.10/bin/../lib/gcc/arm-none-eabi/10.3.1/../../../../arm-none-eabi/lib/thumb/v8-m.main+fp/hard\libg_nano.a(lib_a-impure.o)
                              d:/cdpf/gnu arm embedded toolchain/10 2021.10/bin/../lib/gcc/arm-none-eabi/10.3.1/../../../../arm-none-eabi/lib/thumb/v8-m.main+fp/hard\libg_nano.a(lib_a-exit.o) (_global_impure_ptr)
d:/cdpf/gnu arm embedded toolchain/10 2021.10/bin/../lib/gcc/arm-none-eabi/10.3.1/../../../../arm-none-eabi/lib/thumb/v8-m.main+fp/hard\libg_nano.a(lib_a-init.o)
                              d:/cdpf/gnu arm embedded toolchain/10 2021.10/bin/../lib/gcc/arm-none-eabi/10.3.1/../../../../arm-none-eabi/lib/thumb/v8-m.main+fp/hard/rdimon-crt0.o (__libc_init_array)
d:/cdpf/gnu arm embedded toolchain/10 2021.10/bin/../lib/gcc/arm-none-eabi/10.3.1/../../../../arm-none-eabi/lib/thumb/v8-m.main+fp/hard\libg_nano.a(lib_a-memcpy-stub.o)
                              ./ra/fsp/src/r_sci_b_uart/r_sci_b_uart.o (memcpy)
d:/cdpf/gnu arm embedded toolchain/10 2021.10/bin/../lib/gcc/arm-none-eabi/10.3.1/../../../../arm-none-eabi/lib/thumb/v8-m.main+fp/hard\libg_nano.a(lib_a-memset.o)
                              d:/cdpf/gnu arm embedded toolchain/10 2021.10/bin/../lib/gcc/arm-none-eabi/10.3.1/../../../../arm-none-eabi/lib/thumb/v8-m.main+fp/hard/rdimon-crt0.o (memset)
d:/cdpf/gnu arm embedded toolchain/10 2021.10/bin/../lib/gcc/arm-none-eabi/10.3.1/../../../../arm-none-eabi/lib/thumb/v8-m.main+fp/hard\librdimon_nano.a(rdimon-syscalls.o)
                              d:/cdpf/gnu arm embedded toolchain/10 2021.10/bin/../lib/gcc/arm-none-eabi/10.3.1/../../../../arm-none-eabi/lib/thumb/v8-m.main+fp/hard/rdimon-crt0.o (initialise_monitor_handles)
d:/cdpf/gnu arm embedded toolchain/10 2021.10/bin/../lib/gcc/arm-none-eabi/10.3.1/../../../../arm-none-eabi/lib/thumb/v8-m.main+fp/hard\librdimon_nano.a(rdimon-_exit.o)
                              d:/cdpf/gnu arm embedded toolchain/10 2021.10/bin/../lib/gcc/arm-none-eabi/10.3.1/../../../../arm-none-eabi/lib/thumb/v8-m.main+fp/hard\libg_nano.a(lib_a-exit.o) (_exit)
d:/cdpf/gnu arm embedded toolchain/10 2021.10/bin/../lib/gcc/arm-none-eabi/10.3.1/../../../../arm-none-eabi/lib/thumb/v8-m.main+fp/hard\librdimon_nano.a(rdimon-_kill.o)
                              d:/cdpf/gnu arm embedded toolchain/10 2021.10/bin/../lib/gcc/arm-none-eabi/10.3.1/../../../../arm-none-eabi/lib/thumb/v8-m.main+fp/hard\librdimon_nano.a(rdimon-_exit.o) (_kill_shared)
d:/cdpf/gnu arm embedded toolchain/10 2021.10/bin/../lib/gcc/arm-none-eabi/10.3.1/../../../../arm-none-eabi/lib/thumb/v8-m.main+fp/hard\libc_nano.a(lib_a-findfp.o)
                              d:/cdpf/gnu arm embedded toolchain/10 2021.10/bin/../lib/gcc/arm-none-eabi/10.3.1/../../../../arm-none-eabi/lib/thumb/v8-m.main+fp/hard\librdimon_nano.a(rdimon-syscalls.o) (__sinit)
[...]
Memory Configuration

Name             Origin             Length             Attributes
FLASH            0x00000000         0x00080000         xr
RAM              0x20000000         0x00010000         xrw
DATA_FLASH       0x08000000         0x00004000         xr
QSPI_FLASH       0x60000000         0x00000000         xr
OSPI_DEVICE_0    0x68000000         0x00000000         xr
OSPI_DEVICE_1    0x70000000         0x00000000         xr
OSPI_DEVICE_0_RAM 0x68000000         0x00000000         xrw
OSPI_DEVICE_1_RAM 0x70000000         0x00000000         xrw
SDRAM            0x90000000         0x00000000         xrw
OPTION_SETTING   0x0100a100         0x00000100         r
OPTION_SETTING_S 0x0100a200         0x00000100         r
ID_CODE          0x00000000         0x00000000         xr
*default*        0x00000000         0xffffffff

Linker script and memory map

LOAD d:/cdpf/gnu arm embedded toolchain/10 2021.10/bin/../lib/gcc/arm-none-eabi/10.3.1/thumb/v8-m.main+fp/hard/crti.o
LOAD d:/cdpf/gnu arm embedded toolchain/10 2021.10/bin/../lib/gcc/arm-none-eabi/10.3.1/thumb/v8-m.main+fp/hard/crtbegin.o
LOAD d:/cdpf/gnu arm embedded toolchain/10 2021.10/bin/../lib/gcc/arm-none-eabi/10.3.1/../../../../arm-none-eabi/lib/thumb/v8-m.main+fp/hard/rdimon-crt0.o
START GROUP
LOAD ./src/can_fd.o
LOAD ./src/console.o
LOAD ./src/digitPow.o
LOAD ./src/hal_entry.o
LOAD ./src/ra6t2.o
LOAD ./ra_gen/common_data.o
LOAD ./ra_gen/elc_data.o
LOAD ./ra_gen/hal_data.o
LOAD ./ra_gen/main.o
LOAD ./ra_gen/pin_data.o
LOAD ./ra_gen/vector_data.o
LOAD ./ra/fsp/src/r_sci_b_uart/r_sci_b_uart.o
LOAD ./ra/fsp/src/r_poeg/r_poeg.o
LOAD ./ra/fsp/src/r_kint/r_kint.o
LOAD ./ra/fsp/src/r_ioport/r_ioport.o
LOAD ./ra/fsp/src/r_gpt_three_phase/r_gpt_three_phase.o
LOAD ./ra/fsp/src/r_gpt/r_gpt.o
LOAD ./ra/fsp/src/r_flash_hp/r_flash_hp.o
LOAD ./ra/fsp/src/r_elc/r_elc.o
LOAD ./ra/fsp/src/r_dtc/r_dtc.o
LOAD ./ra/fsp/src/r_dac/r_dac.o
LOAD ./ra/fsp/src/r_canfd/r_canfd.o
LOAD ./ra/fsp/src/r_agt/r_agt.o
LOAD ./ra/fsp/src/r_adc_b/r_adc_b.o
LOAD ./ra/fsp/src/r_acmphs/r_acmphs.o
LOAD ./ra/fsp/src/bsp/mcu/all/bsp_clocks.o
LOAD ./ra/fsp/src/bsp/mcu/all/bsp_common.o
LOAD ./ra/fsp/src/bsp/mcu/all/bsp_delay.o
LOAD ./ra/fsp/src/bsp/mcu/all/bsp_group_irq.o
LOAD ./ra/fsp/src/bsp/mcu/all/bsp_guard.o
LOAD ./ra/fsp/src/bsp/mcu/all/bsp_io.o
LOAD ./ra/fsp/src/bsp/mcu/all/bsp_irq.o
LOAD ./ra/fsp/src/bsp/mcu/all/bsp_register_protection.o
LOAD ./ra/fsp/src/bsp/mcu/all/bsp_rom_registers.o
LOAD ./ra/fsp/src/bsp/mcu/all/bsp_sbrk.o
LOAD ./ra/fsp/src/bsp/mcu/all/bsp_security.o
LOAD ./ra/fsp/src/bsp/cmsis/Device/RENESAS/Source/startup.o
LOAD ./ra/fsp/src/bsp/cmsis/Device/RENESAS/Source/system.o
LOAD D:\Workspace\gitLab_workspace\cn028-1-digital-power-pfc\CN028_1_3600W_bidirectional_totempole_converter_debug\lib\libDigitPow_Lib.a
END GROUP
START GROUP
LOAD d:/cdpf/gnu arm embedded toolchain/10 2021.10/bin/../lib/gcc/arm-none-eabi/10.3.1/thumb/v8-m.main+fp/hard\libgcc.a
LOAD d:/cdpf/gnu arm embedded toolchain/10 2021.10/bin/../lib/gcc/arm-none-eabi/10.3.1/../../../../arm-none-eabi/lib/thumb/v8-m.main+fp/hard\libg_nano.a
LOAD d:/cdpf/gnu arm embedded toolchain/10 2021.10/bin/../lib/gcc/arm-none-eabi/10.3.1/../../../../arm-none-eabi/lib/thumb/v8-m.main+fp/hard\libc_nano.a
END GROUP
START GROUP
LOAD d:/cdpf/gnu arm embedded toolchain/10 2021.10/bin/../lib/gcc/arm-none-eabi/10.3.1/thumb/v8-m.main+fp/hard\libgcc.a
LOAD d:/cdpf/gnu arm embedded toolchain/10 2021.10/bin/../lib/gcc/arm-none-eabi/10.3.1/../../../../arm-none-eabi/lib/thumb/v8-m.main+fp/hard\libc_nano.a
LOAD d:/cdpf/gnu arm embedded toolchain/10 2021.10/bin/../lib/gcc/arm-none-eabi/10.3.1/../../../../arm-none-eabi/lib/thumb/v8-m.main+fp/hard\librdimon_nano.a
END GROUP
START GROUP
LOAD d:/cdpf/gnu arm embedded toolchain/10 2021.10/bin/../lib/gcc/arm-none-eabi/10.3.1/thumb/v8-m.main+fp/hard\libgcc.a
LOAD d:/cdpf/gnu arm embedded toolchain/10 2021.10/bin/../lib/gcc/arm-none-eabi/10.3.1/../../../../arm-none-eabi/lib/thumb/v8-m.main+fp/hard\libc_nano.a
LOAD d:/cdpf/gnu arm embedded toolchain/10 2021.10/bin/../lib/gcc/arm-none-eabi/10.3.1/../../../../arm-none-eabi/lib/thumb/v8-m.main+fp/hard\librdimon_nano.a
END GROUP
LOAD d:/cdpf/gnu arm embedded toolchain/10 2021.10/bin/../lib/gcc/arm-none-eabi/10.3.1/thumb/v8-m.main+fp/hard/crtend.o
LOAD d:/cdpf/gnu arm embedded toolchain/10 2021.10/bin/../lib/gcc/arm-none-eabi/10.3.1/thumb/v8-m.main+fp/hard/crtn.o
                0x20000000                RAM_START = 0x20000000
                0x00010000                RAM_LENGTH = 0x10000
                0x00000000                FLASH_START = 0x0
                0x00080000                FLASH_LENGTH = 0x80000
                0x08000000                DATA_FLASH_START = 0x8000000
                0x00004000                DATA_FLASH_LENGTH = 0x4000
                0x0100a100                OPTION_SETTING_START = 0x100a100
                0x00000100                OPTION_SETTING_LENGTH = 0x100
                0x0100a200                OPTION_SETTING_S_START = 0x100a200
                0x00000100                OPTION_SETTING_S_LENGTH = 0x100
                0x00000000                ID_CODE_START = 0x0
                0x00000000                ID_CODE_LENGTH = 0x0
                0x90000000                SDRAM_START = 0x90000000
                0x00000000                SDRAM_LENGTH = 0x0
                0x60000000                QSPI_FLASH_START = 0x60000000
                0x00000000                QSPI_FLASH_LENGTH = 0x0
                0x68000000                OSPI_DEVICE_0_START = 0x68000000
                0x00000000                OSPI_DEVICE_0_LENGTH = 0x0
                0x70000000                OSPI_DEVICE_1_START = 0x70000000
                0x00000000                OSPI_DEVICE_1_LENGTH = 0x0
                0x00000000                QSPI_FLASH_PRV_LENGTH = DEFINED (QSPI_FLASH_SIZE)?ABSOLUTE (QSPI_FLASH_SIZE):ABSOLUTE (QSPI_FLASH_LENGTH)
                0x00000000                OSPI_DEVICE_0_PRV_LENGTH = DEFINED (OSPI_DEVICE_0_SIZE)?ABSOLUTE (OSPI_DEVICE_0_SIZE):ABSOLUTE (OSPI_DEVICE_0_LENGTH)
                0x00000000                OSPI_DEVICE_1_PRV_LENGTH = DEFINED (OSPI_DEVICE_1_SIZE)?ABSOLUTE (OSPI_DEVICE_1_SIZE):ABSOLUTE (OSPI_DEVICE_1_LENGTH)
                0x00000000                __RESERVE_NS_RAM = ((! (DEFINED (PROJECT_NONSECURE)) && DEFINED (RAM_NS_BUFFER_LENGTH)) && (OPTION_SETTING_S_LENGTH != 0x0))
                0x00000000                RAM_NS_BUFFER_BLOCK_LENGTH = DEFINED (RAM_NS_BUFFER_LENGTH)?ALIGN (RAM_NS_BUFFER_LENGTH, 0x2000):0x0
                0x00000000                RAM_NS_BUFFER_LENGTH = DEFINED (RAM_NS_BUFFER_LENGTH)?RAM_NS_BUFFER_LENGTH:0x0
                0x20010000                RAM_NS_BUFFER_START = ((RAM_START + RAM_LENGTH) - RAM_NS_BUFFER_LENGTH)
                0x20010000                RAM_NS_BUFFER_BLOCK_START = ((RAM_START + RAM_LENGTH) - RAM_NS_BUFFER_BLOCK_LENGTH)
                0x0100a180                OPTION_SETTING_START_NS = 0x100a180
                0x00000001                __bl_FSP_BOOTABLE_IMAGE = 0x1
                0x00000001                __bln_FSP_BOOTABLE_IMAGE = 0x1
                0x00000001                PROJECT_SECURE_OR_FLAT = ((! (DEFINED (PROJECT_NONSECURE)) && OPTION_SETTING_LENGTH) && ! (DEFINED (FSP_BOOTABLE_IMAGE)))
                0x00000000                USE_OPTION_SETTING_NS = (DEFINED (PROJECT_NONSECURE) && ! (DEFINED (FSP_BOOTABLE_IMAGE)))
                0x00000000                __bl_FLASH_IMAGE_START = ! (DEFINED (FLASH_BOOTLOADER_LENGTH))?0x0:(FLASH_APPLICATION_IMAGE_NUMBER == 0x1)?(FLASH_BOOTLOADER_LENGTH + FLASH_BOOTLOADER_HEADER_LENGTH):(((FLASH_BOOTLOADER_LENGTH + FLASH_BOOTLOADER_SCRATCH_LENGTH) + FLASH_APPLICATION_S_LENGTH) + FLASH_BOOTLOADER_HEADER_LENGTH)
                0x00000000                __bl_FLASH_IMAGE_LENGTH = ! (DEFINED (FLASH_BOOTLOADER_LENGTH))?0x0:(FLASH_APPLICATION_S_LENGTH - FLASH_BOOTLOADER_HEADER_LENGTH)
                0x00000000                __bl_FLASH_IMAGE_END = (__bl_FLASH_IMAGE_START + __bl_FLASH_IMAGE_LENGTH)
                0x00000000                __bl_XIP_SECONDARY_FLASH_IMAGE_START = ! (DEFINED (FLASH_BOOTLOADER_LENGTH))?0x0:((FLASH_BOOTLOADER_LENGTH + FLASH_APPLICATION_S_LENGTH) + FLASH_BOOTLOADER_HEADER_LENGTH)
                0x00000000                __bl_XIP_SECONDARY_FLASH_IMAGE_END = (__bl_XIP_SECONDARY_FLASH_IMAGE_START + __bl_FLASH_IMAGE_LENGTH)
                0x00000000                __bl_FLASH_NS_START = ! (DEFINED (FLASH_BOOTLOADER_LENGTH))?0x0:(FLASH_APPLICATION_NS_LENGTH == 0x0)?__bl_FLASH_IMAGE_END:((__bl_FLASH_IMAGE_START - FLASH_BOOTLOADER_HEADER_LENGTH) + FLASH_APPLICATION_S_LENGTH)
                0x00000000                __bl_FLASH_NSC_START = ! (DEFINED (FLASH_BOOTLOADER_LENGTH))?0x0:(FLASH_APPLICATION_NS_LENGTH == 0x0)?__bl_FLASH_IMAGE_END:(__bl_FLASH_NS_START - FLASH_APPLICATION_NSC_LENGTH)
                0x00000000                __bl_RAM_NS_START = ! (DEFINED (FLASH_BOOTLOADER_LENGTH))?0x0:(FLASH_APPLICATION_NS_LENGTH == 0x0)?(RAM_START + RAM_LENGTH):((RAM_START + RAM_LENGTH) - RAM_APPLICATION_NS_LENGTH)
                0x00000000                __bl_RAM_NSC_START = ! (DEFINED (FLASH_BOOTLOADER_LENGTH))?0x0:(FLASH_APPLICATION_NS_LENGTH == 0x0)?(RAM_START + RAM_LENGTH):(__bl_RAM_NS_START - RAM_APPLICATION_NSC_LENGTH)
                0x00000000                __bl_FLASH_NS_IMAGE_START = ! (DEFINED (FLASH_BOOTLOADER_LENGTH))?0x0:(FLASH_APPLICATION_NS_LENGTH == 0x0)?__bl_FLASH_IMAGE_END:(__bl_FLASH_NS_START + FLASH_BOOTLOADER_HEADER_LENGTH_2)
                0x00000000                __bln_FLASH_IMAGE_START = __bl_FLASH_NS_IMAGE_START
                0x00000000                __bln_FLASH_IMAGE_LENGTH = ! (DEFINED (FLASH_BOOTLOADER_LENGTH))?0x0:(FLASH_APPLICATION_NS_LENGTH == 0x0)?__bl_FLASH_IMAGE_END:(FLASH_APPLICATION_NS_LENGTH - FLASH_BOOTLOADER_HEADER_LENGTH_2)
                0x00000000                XIP_SECONDARY_SLOT_IMAGE = DEFINED (XIP_SECONDARY_SLOT_IMAGE)?XIP_SECONDARY_SLOT_IMAGE:0x0
                0x00000000                FLASH_ORIGIN = ! (DEFINED (FLASH_IMAGE_START))?FLASH_START:(XIP_SECONDARY_SLOT_IMAGE == 0x1)?XIP_SECONDARY_FLASH_IMAGE_START:FLASH_IMAGE_START
                0x00080000                LIMITED_FLASH_LENGTH = DEFINED (FLASH_IMAGE_LENGTH)?FLASH_IMAGE_LENGTH:DEFINED (FLASH_BOOTLOADER_LENGTH)?FLASH_BOOTLOADER_LENGTH:FLASH_LENGTH
START GROUP
LOAD d:/cdpf/gnu arm embedded toolchain/10 2021.10/bin/../lib/gcc/arm-none-eabi/10.3.1/thumb/v8-m.main+fp/hard\libgcc.a
LOAD d:/cdpf/gnu arm embedded toolchain/10 2021.10/bin/../lib/gcc/arm-none-eabi/10.3.1/../../../../arm-none-eabi/lib/thumb/v8-m.main+fp/hard\libc.a
LOAD d:/cdpf/gnu arm embedded toolchain/10 2021.10/bin/../lib/gcc/arm-none-eabi/10.3.1/../../../../arm-none-eabi/lib/thumb/v8-m.main+fp/hard\libm.a
LOAD d:/cdpf/gnu arm embedded toolchain/10 2021.10/bin/../lib/gcc/arm-none-eabi/10.3.1/../../../../arm-none-eabi/lib/thumb/v8-m.main+fp/hard\libnosys.a
END GROUP

.text           0x00000000     0xc168
                0x00000000                __tz_FLASH_S = ABSOLUTE (FLASH_START)
                0x00000000                __ROM_Start = .
 *(.fixed_vectors*)
 .fixed_vectors
                0x00000000       0x40 ./ra/fsp/src/bsp/cmsis/Device/RENESAS/Source/startup.o
                0x00000000                __Vectors
 *(.application_vectors*)
 .application_vectors
                0x00000040      0x180 ./ra_gen/vector_data.o
                0x00000040                g_vector_table
                0x000001c0                __Vectors_End = .
                0x000001c0                . = (OPTION_SETTING_LENGTH > 0x0)?.:(__ROM_Start + 0x400)
 *(.rom_registers*)
                0x000001c0                . = (OPTION_SETTING_LENGTH > 0x0)?.:(__ROM_Start + 0x500)
                0x00000200                . = ALIGN (0x80)
 *fill*         0x000001c0       0x40 ff
 *(.mcuboot_sce9_key*)
 *(.text*)
 .text          0x00000200       0x40 d:/cdpf/gnu arm embedded toolchain/10 2021.10/bin/../lib/gcc/arm-none-eabi/10.3.1/thumb/v8-m.main+fp/hard/crtbegin.o
 .text.R_CAN_init
                0x00000240       0x60 ./src/can_fd.o
                0x00000240                R_CAN_init
 .text.canfd0_callback
                0x000002a0      0x110 ./src/can_fd.o
                0x000002a0                canfd0_callback
 .text.canfd_operation
                0x000003b0      0x248 ./src/can_fd.o
                0x000003b0                canfd_operation
 .text.can_read1
                0x000005f8       0xa8 ./src/can_fd.o
                0x000005f8                can_read1
 .text.can_read2_1
                0x000006a0       0xb0 ./src/can_fd.o
                0x000006a0                can_read2_1
 .text.can_read2_2
                0x00000750       0xa8 ./src/can_fd.o
                0x00000750                can_read2_2
 .text.can_monitor_1
                0x000007f8       0xac ./src/can_fd.o
                0x000007f8                can_monitor_1
 .text.can_monitor_2
                0x000008a4       0xa0 ./src/can_fd.o
                0x000008a4                can_monitor_2
 .text.can_write1
                0x00000944      0x138 ./src/can_fd.o
                0x00000944                can_write1
 .text.can_write2_1
                0x00000a7c       0x84 ./src/can_fd.o
                0x00000a7c                can_write2_1
 .text.can_write2_2
                0x00000b00       0x7c ./src/can_fd.o
                0x00000b00                can_write2_2
 .text.serial_para_init
                0x00000b7c      0x168 ./src/console.o
                0x00000b7c                serial_para_init
 .text.serial_para_read1_refresh
                0x00000ce4       0x8c ./src/console.o
                0x00000ce4                serial_para_read1_refresh
 .text.serial_para_monitor_refresh
                0x00000d70       0xf4 ./src/console.o
                0x00000d70                serial_para_monitor_refresh
 .text.FloatTo2Byte
                0x00000e64       0x5e ./src/console.o
                0x00000e64                FloatTo2Byte
 *fill*         0x00000ec2        0x2 ff
 .text.TwoByte2Float
                0x00000ec4       0x74 ./src/console.o
                0x00000ec4                TwoByte2Float
 .text.r_serial_getsum
                0x00000f38       0x46 ./src/console.o
                0x00000f38                r_serial_getsum
 .text.r_serial_checksum
                0x00000f7e       0x38 ./src/console.o
                0x00000f7e                r_serial_checksum
 *fill*         0x00000fb6        0x2 ff
 .text.uart_operation
                0x00000fb8      0x258 ./src/console.o
                0x00000fb8                uart_operation
 .text.serial_para_write1
                0x00001210      0x13c ./src/console.o
                0x00001210                serial_para_write1
 .text.serial_para_write2
                0x0000134c      0x1d8 ./src/console.o
                0x0000134c                serial_para_write2
 .text.dp_para_init
                0x00001524      0x1f0 ./src/digitPow.o
                0x00001524                dp_para_init
 .text.dp_para_reset
                0x00001714      0x1f4 ./src/digitPow.o
                0x00001714                dp_para_reset
 .text.notch_flt_para_init
                0x00001908      0x15c ./src/digitPow.o
                0x00001908                notch_flt_para_init
 .text.iir_filter
                0x00001a64       0xa4 ./src/digitPow.o
                0x00001a64                iir_filter
 .text.RAMP2_calc
                0x00001b08      0x18c ./src/digitPow.o
                0x00001b08                RAMP2_calc
 .text.ac_ref_get
                0x00001c94       0xd4 ./src/digitPow.o
                0x00001c94                ac_ref_get
 .text.vloop_ctrl
                0x00001d68      0x108 ./src/digitPow.o
                0x00001d68                vloop_ctrl
 .text.iloop_ctrl
                0x00001e70       0xb8 ./src/digitPow.o
                0x00001e70                iloop_ctrl
 .text.task_10kHz
                0x00001f28       0x64 ./src/digitPow.o
                0x00001f28                task_10kHz
 .text.task_66kHz
                0x00001f8c       0x10 ./src/digitPow.o
                0x00001f8c                task_66kHz
 .text.PWM_modulation
                0x00001f9c       0x4c ./src/digitPow.o
                0x00001f9c                PWM_modulation
 .text.PWM_output
                0x00001fe8      0x130 ./src/digitPow.o
                0x00001fe8                PWM_output
 .text.narrow_pulse_elimination
                0x00002118       0x64 ./src/digitPow.o
                0x00002118                narrow_pulse_elimination
 .text.g_poeg0_callback
                0x0000217c       0x9c ./src/digitPow.o
                0x0000217c                g_poeg0_callback
 .text.fast_protection
                0x00002218       0x80 ./src/digitPow.o
                0x00002218                fast_protection
 .text.slow_protection
                0x00002298      0x270 ./src/digitPow.o
                0x00002298                slow_protection
 .text.err_rst  0x00002508      0x138 ./src/digitPow.o
                0x00002508                err_rst
 .text.dp_start
                0x00002640        0xc ./src/digitPow.o
                0x00002640                dp_start
 .text.dp_stop  0x0000264c      0x108 ./src/digitPow.o
                0x0000264c                dp_stop
 .text.dp_routine
                0x00002754      0x138 ./src/digitPow.o
                0x00002754                dp_routine
 .text.hal_entry
                0x0000288c       0x38 ./src/hal_entry.o
                0x0000288c                hal_entry
 .text.R_BSP_WarmStart
                0x000028c4       0x2c ./src/hal_entry.o
                0x000028c4                R_BSP_WarmStart
 .text.g_adc_b_callback
                0x000028f0      0x228 ./src/hal_entry.o
                0x000028f0                g_adc_b_callback
 .text.g_agt1_10kHz_callback
                0x00002b18      0x724 ./src/hal_entry.o
                0x00002b18                g_agt1_10kHz_callback
 .text.heart_beat
                0x0000323c       0xbc ./src/hal_entry.o
                0x0000323c                heart_beat
 .text.key_scan
                0x000032f8       0xb4 ./src/hal_entry.o
                0x000032f8                key_scan
 .text.R_Timer_10kHz_init
                0x000033ac       0x20 ./src/ra6t2.o
                0x000033ac                R_Timer_10kHz_init
 .text.R_PWM_RECT_init
                0x000033cc      0x160 ./src/ra6t2.o
                0x000033cc                R_PWM_RECT_init
 .text.R_PWM_CHOP_init
                0x0000352c      0x1b4 ./src/ra6t2.o
                0x0000352c                R_PWM_CHOP_init
 .text.R_POE_init
                0x000036e0       0x20 ./src/ra6t2.o
                0x000036e0                R_POE_init
 .text.R_CMP_DA_init
                0x00003700       0xe4 ./src/ra6t2.o
                0x00003700                R_CMP_DA_init
 .text.R_ADC_B_Calibrate_user
                0x000037e4       0xc0 ./src/ra6t2.o
                0x000037e4                R_ADC_B_Calibrate_user
 .text.R_ADC_init
                0x000038a4       0x6c ./src/ra6t2.o
                0x000038a4                R_ADC_init
 .text.R_TFU_init
                0x00003910       0x1c ./src/ra6t2.o
                0x00003910                R_TFU_init
 .text.R_TFU_sin
                0x0000392c       0x40 ./src/ra6t2.o
                0x0000392c                R_TFU_sin
 .text.R_TFU_cos
                0x0000396c       0x40 ./src/ra6t2.o
                0x0000396c                R_TFU_cos
 .text.R_ELC_init
                0x000039ac       0x28 ./src/ra6t2.o
                0x000039ac                R_ELC_init
 .text.R_UART_init
                0x000039d4       0x94 ./src/ra6t2.o
                0x000039d4                R_UART_init
 .text.g_uart9_callback
                0x00003a68       0x40 ./src/ra6t2.o
                0x00003a68                g_uart9_callback
 .text.hardware_init
                0x00003aa8       0x78 ./src/ra6t2.o
                0x00003aa8                hardware_init
 .text.startup  0x00003b20       0x24 ./src/ra6t2.o
                0x00003b20                startup
 .text.main     0x00003b44        0xe ./ra_gen/main.o
                0x00003b44                main
 .text.R_FSP_CurrentIrqGet
                0x00003b52       0x2c ./ra/fsp/src/r_sci_b_uart/r_sci_b_uart.o
 *fill*         0x00003b7e        0x2 ff
 .text.R_FSP_IsrContextSet
                0x00003b80       0x28 ./ra/fsp/src/r_sci_b_uart/r_sci_b_uart.o
 .text.R_BSP_IrqStatusClear
                0x00003ba8       0x30 ./ra/fsp/src/r_sci_b_uart/r_sci_b_uart.o
 .text.R_BSP_IrqClearPending
                0x00003bd8       0x40 ./ra/fsp/src/r_sci_b_uart/r_sci_b_uart.o
 .text.R_BSP_IrqCfg
                0x00003c18       0x3c ./ra/fsp/src/r_sci_b_uart/r_sci_b_uart.o
 .text.R_BSP_IrqEnableNoClear
                0x00003c54       0x38 ./ra/fsp/src/r_sci_b_uart/r_sci_b_uart.o
 .text.R_BSP_IrqEnable
                0x00003c8c       0x26 ./ra/fsp/src/r_sci_b_uart/r_sci_b_uart.o
 *fill*         0x00003cb2        0x2 ff
 .text.R_BSP_IrqDisable
                0x00003cb4       0x48 ./ra/fsp/src/r_sci_b_uart/r_sci_b_uart.o
 .text.R_FSP_IsrContextGet
                0x00003cfc       0x24 ./ra/fsp/src/r_sci_b_uart/r_sci_b_uart.o
 .text.R_SCI_B_UART_Open
                0x00003d20      0x18c ./ra/fsp/src/r_sci_b_uart/r_sci_b_uart.o
                0x00003d20                R_SCI_B_UART_Open
 .text.R_SCI_B_UART_Close
                0x00003eac       0xf4 ./ra/fsp/src/r_sci_b_uart/r_sci_b_uart.o
                0x00003eac                R_SCI_B_UART_Close
 .text.R_SCI_B_UART_Read
                0x00003fa0       0x70 ./ra/fsp/src/r_sci_b_uart/r_sci_b_uart.o
                0x00003fa0                R_SCI_B_UART_Read
 .text.R_SCI_B_UART_Write
                0x00004010       0xda ./ra/fsp/src/r_sci_b_uart/r_sci_b_uart.o
                0x00004010                R_SCI_B_UART_Write
 .text.R_SCI_B_UART_BaudSet
                0x000040ea       0x50 ./ra/fsp/src/r_sci_b_uart/r_sci_b_uart.o
                0x000040ea                R_SCI_B_UART_BaudSet
 .text.r_sci_b_uart_transfer_configure
                0x0000413a       0x64 ./ra/fsp/src/r_sci_b_uart/r_sci_b_uart.o
 .text.r_sci_b_uart_transfer_open
                0x0000419e       0xac ./ra/fsp/src/r_sci_b_uart/r_sci_b_uart.o
 *fill*         0x0000424a        0x2 ff
 .text.r_sci_b_uart_config_set
                0x0000424c      0x170 ./ra/fsp/src/r_sci_b_uart/r_sci_b_uart.o
 .text.r_sci_b_irq_cfg
                0x000043bc       0x3a ./ra/fsp/src/r_sci_b_uart/r_sci_b_uart.o
 .text.r_sci_b_irqs_cfg
                0x000043f6       0x5a ./ra/fsp/src/r_sci_b_uart/r_sci_b_uart.o
 .text.r_sci_b_uart_transfer_close
                0x00004450       0x50 ./ra/fsp/src/r_sci_b_uart/r_sci_b_uart.o
 .text.r_sci_b_uart_call_callback
                0x000044a0       0x76 ./ra/fsp/src/r_sci_b_uart/r_sci_b_uart.o
 .text.sci_b_uart_txi_isr
                0x00004516       0xd6 ./ra/fsp/src/r_sci_b_uart/r_sci_b_uart.o
                0x00004516                sci_b_uart_txi_isr
 .text.sci_b_uart_rxi_isr
                0x000045ec      0x100 ./ra/fsp/src/r_sci_b_uart/r_sci_b_uart.o
                0x000045ec                sci_b_uart_rxi_isr
 .text.sci_b_uart_tei_isr
                0x000046ec       0x52 ./ra/fsp/src/r_sci_b_uart/r_sci_b_uart.o
                0x000046ec                sci_b_uart_tei_isr
 .text.sci_b_uart_eri_isr
                0x0000473e       0xd2 ./ra/fsp/src/r_sci_b_uart/r_sci_b_uart.o
                0x0000473e                sci_b_uart_eri_isr
 .text.R_FSP_CurrentIrqGet
                0x00004810       0x2c ./ra/fsp/src/r_poeg/r_poeg.o
 .text.R_FSP_IsrContextSet
                0x0000483c       0x28 ./ra/fsp/src/r_poeg/r_poeg.o
 .text.R_BSP_IrqStatusClear
                0x00004864       0x30 ./ra/fsp/src/r_poeg/r_poeg.o
 .text.R_BSP_IrqClearPending
                0x00004894       0x40 ./ra/fsp/src/r_poeg/r_poeg.o
 .text.R_BSP_IrqCfg
                0x000048d4       0x3c ./ra/fsp/src/r_poeg/r_poeg.o
 .text.R_BSP_IrqEnableNoClear
                0x00004910       0x38 ./ra/fsp/src/r_poeg/r_poeg.o
 .text.R_BSP_IrqEnable
                0x00004948       0x26 ./ra/fsp/src/r_poeg/r_poeg.o
 *fill*         0x0000496e        0x2 ff
 .text.R_BSP_IrqDisable
                0x00004970       0x48 ./ra/fsp/src/r_poeg/r_poeg.o
 .text.R_BSP_IrqCfgEnable
                0x000049b8       0x2e ./ra/fsp/src/r_poeg/r_poeg.o
 *fill*         0x000049e6        0x2 ff
 .text.R_FSP_IsrContextGet
                0x000049e8       0x24 ./ra/fsp/src/r_poeg/r_poeg.o
 .text.R_POEG_Open
                0x00004a0c       0xd8 ./ra/fsp/src/r_poeg/r_poeg.o
                0x00004a0c                R_POEG_Open
 .text.R_POEG_OutputDisable
                0x00004ae4       0x26 ./ra/fsp/src/r_poeg/r_poeg.o
                0x00004ae4                R_POEG_OutputDisable
 .text.R_POEG_Reset
                0x00004b0a       0x2e ./ra/fsp/src/r_poeg/r_poeg.o
                0x00004b0a                R_POEG_Reset
 .text.R_POEG_StatusGet
                0x00004b38       0x30 ./ra/fsp/src/r_poeg/r_poeg.o
                0x00004b38                R_POEG_StatusGet
 .text.R_POEG_CallbackSet
                0x00004b68       0x32 ./ra/fsp/src/r_poeg/r_poeg.o
                0x00004b68                R_POEG_CallbackSet
 .text.R_POEG_Close
                0x00004b9a       0x46 ./ra/fsp/src/r_poeg/r_poeg.o
                0x00004b9a                R_POEG_Close
 .text.poeg_event_isr
                0x00004be0       0x64 ./ra/fsp/src/r_poeg/r_poeg.o
                0x00004be0                poeg_event_isr
 .text.R_FSP_CurrentIrqGet
                0x00004c44       0x2c ./ra/fsp/src/r_kint/r_kint.o
 .text.R_BSP_IrqStatusClear
                0x00004c70       0x30 ./ra/fsp/src/r_kint/r_kint.o
 .text.R_FSP_IsrContextGet
                0x00004ca0       0x24 ./ra/fsp/src/r_kint/r_kint.o
 .text.key_int_isr
                0x00004cc4       0x58 ./ra/fsp/src/r_kint/r_kint.o
                0x00004cc4                key_int_isr
 .text.R_BSP_PinRead
                0x00004d1c       0x38 ./ra/fsp/src/r_ioport/r_ioport.o
 .text.R_BSP_PinAccessEnable
                0x00004d54       0x60 ./ra/fsp/src/r_ioport/r_ioport.o
 .text.R_BSP_PinAccessDisable
                0x00004db4       0x68 ./ra/fsp/src/r_ioport/r_ioport.o
 .text.R_IOPORT_Open
                0x00004e1c       0x28 ./ra/fsp/src/r_ioport/r_ioport.o
                0x00004e1c                R_IOPORT_Open
 .text.R_IOPORT_Close
                0x00004e44       0x20 ./ra/fsp/src/r_ioport/r_ioport.o
                0x00004e44                R_IOPORT_Close
 .text.R_IOPORT_PinsCfg
                0x00004e64       0x1a ./ra/fsp/src/r_ioport/r_ioport.o
                0x00004e64                R_IOPORT_PinsCfg
 .text.R_IOPORT_PinCfg
                0x00004e7e       0x2a ./ra/fsp/src/r_ioport/r_ioport.o
                0x00004e7e                R_IOPORT_PinCfg
 .text.R_IOPORT_PinRead
                0x00004ea8       0x28 ./ra/fsp/src/r_ioport/r_ioport.o
                0x00004ea8                R_IOPORT_PinRead
 .text.R_IOPORT_PortRead
                0x00004ed0       0x3a ./ra/fsp/src/r_ioport/r_ioport.o
                0x00004ed0                R_IOPORT_PortRead
 .text.R_IOPORT_PortWrite
                0x00004f0a       0x62 ./ra/fsp/src/r_ioport/r_ioport.o
                0x00004f0a                R_IOPORT_PortWrite
 .text.R_IOPORT_PinWrite
                0x00004f6c       0x6e ./ra/fsp/src/r_ioport/r_ioport.o
                0x00004f6c                R_IOPORT_PinWrite
 .text.R_IOPORT_PortDirectionSet
                0x00004fda       0x72 ./ra/fsp/src/r_ioport/r_ioport.o
                0x00004fda                R_IOPORT_PortDirectionSet
 .text.R_IOPORT_PortEventInputRead
                0x0000504c       0x3e ./ra/fsp/src/r_ioport/r_ioport.o
                0x0000504c                R_IOPORT_PortEventInputRead
 .text.R_IOPORT_PinEventInputRead
                0x0000508a       0x62 ./ra/fsp/src/r_ioport/r_ioport.o
                0x0000508a                R_IOPORT_PinEventInputRead
 .text.R_IOPORT_PortEventOutputWrite
                0x000050ec       0x62 ./ra/fsp/src/r_ioport/r_ioport.o
                0x000050ec                R_IOPORT_PortEventOutputWrite
 .text.R_IOPORT_PinEventOutputWrite
                0x0000514e       0x5e ./ra/fsp/src/r_ioport/r_ioport.o
                0x0000514e                R_IOPORT_PinEventOutputWrite
 .text.r_ioport_pins_config
                0x000051ac       0x50 ./ra/fsp/src/r_ioport/r_ioport.o
 .text.r_ioport_hw_pin_event_output_data_write
                0x000051fc       0x88 ./ra/fsp/src/r_ioport/r_ioport.o
 .text.r_ioport_pfs_write
                0x00005284       0x78 ./ra/fsp/src/r_ioport/r_ioport.o
 .text.R_GPT_THREE_PHASE_Open
                0x000052fc       0xa8 ./ra/fsp/src/r_gpt_three_phase/r_gpt_three_phase.o
                0x000052fc                R_GPT_THREE_PHASE_Open
 .text.R_FSP_SystemClockHzGet
                0x000053a4       0x4c ./ra/fsp/src/r_gpt/r_gpt.o
 .text.R_FSP_IsrContextSet
                0x000053f0       0x28 ./ra/fsp/src/r_gpt/r_gpt.o
 .text.R_BSP_IrqStatusClear
                0x00005418       0x30 ./ra/fsp/src/r_gpt/r_gpt.o
 .text.R_BSP_IrqClearPending
                0x00005448       0x40 ./ra/fsp/src/r_gpt/r_gpt.o
 .text.R_BSP_IrqCfg
                0x00005488       0x3c ./ra/fsp/src/r_gpt/r_gpt.o
 .text.R_BSP_IrqEnableNoClear
                0x000054c4       0x38 ./ra/fsp/src/r_gpt/r_gpt.o
 .text.R_BSP_IrqEnable
                0x000054fc       0x26 ./ra/fsp/src/r_gpt/r_gpt.o
 *fill*         0x00005522        0x2 ff
 .text.R_BSP_IrqDisable
                0x00005524       0x48 ./ra/fsp/src/r_gpt/r_gpt.o
 .text.R_BSP_IrqCfgEnable
                0x0000556c       0x2e ./ra/fsp/src/r_gpt/r_gpt.o
 *fill*         0x0000559a        0x2 ff
 .text.R_GPT_Open
                0x0000559c       0x44 ./ra/fsp/src/r_gpt/r_gpt.o
                0x0000559c                R_GPT_Open
 .text.R_GPT_Stop
                0x000055e0       0x24 ./ra/fsp/src/r_gpt/r_gpt.o
                0x000055e0                R_GPT_Stop
 .text.R_GPT_Start
                0x00005604       0x24 ./ra/fsp/src/r_gpt/r_gpt.o
                0x00005604                R_GPT_Start
 .text.R_GPT_Reset
                0x00005628       0x24 ./ra/fsp/src/r_gpt/r_gpt.o
                0x00005628                R_GPT_Reset
 .text.R_GPT_Enable
                0x0000564c       0x90 ./ra/fsp/src/r_gpt/r_gpt.o
                0x0000564c                R_GPT_Enable
 .text.R_GPT_Disable
                0x000056dc       0x32 ./ra/fsp/src/r_gpt/r_gpt.o
                0x000056dc                R_GPT_Disable
 .text.R_GPT_PeriodSet
                0x0000570e       0x98 ./ra/fsp/src/r_gpt/r_gpt.o
                0x0000570e                R_GPT_PeriodSet
 .text.R_GPT_DutyCycleSet
                0x000057a6      0x11e ./ra/fsp/src/r_gpt/r_gpt.o
                0x000057a6                R_GPT_DutyCycleSet
 .text.R_GPT_InfoGet
                0x000058c4       0x4c ./ra/fsp/src/r_gpt/r_gpt.o
                0x000058c4                R_GPT_InfoGet
 .text.R_GPT_StatusGet
                0x00005910       0x38 ./ra/fsp/src/r_gpt/r_gpt.o
                0x00005910                R_GPT_StatusGet
 .text.R_GPT_CallbackSet
                0x00005948       0x32 ./ra/fsp/src/r_gpt/r_gpt.o
                0x00005948                R_GPT_CallbackSet
 .text.R_GPT_Close
                0x0000597a       0x8e ./ra/fsp/src/r_gpt/r_gpt.o
                0x0000597a                R_GPT_Close
 .text.r_gpt_write_protect_enable
                0x00005a08       0x16 ./ra/fsp/src/r_gpt/r_gpt.o
 .text.r_gpt_write_protect_disable
                0x00005a1e       0x16 ./ra/fsp/src/r_gpt/r_gpt.o
 .text.gpt_common_open
                0x00005a34       0x64 ./ra/fsp/src/r_gpt/r_gpt.o
 .text.gpt_hardware_initialize
                0x00005a98      0x3b8 ./ra/fsp/src/r_gpt/r_gpt.o
 .text.gpt_hardware_events_disable
                0x00005e50       0x42 ./ra/fsp/src/r_gpt/r_gpt.o
 .text.r_gpt_disable_irq
                0x00005e92       0x30 ./ra/fsp/src/r_gpt/r_gpt.o
 .text.r_gpt_enable_irq
                0x00005ec2       0x2c ./ra/fsp/src/r_gpt/r_gpt.o
 .text.gpt_calculate_duty_cycle
                0x00005eee       0xfe ./ra/fsp/src/r_gpt/r_gpt.o
 .text.gpt_clock_frequency_get
                0x00005fec       0x2e ./ra/fsp/src/r_gpt/r_gpt.o
 .text.gpt_gtior_calculate
                0x0000601a       0x64 ./ra/fsp/src/r_gpt/r_gpt.o
 *fill*         0x0000607e        0x2 ff
 .text.R_ELC_Open
                0x00006080       0xa0 ./ra/fsp/src/r_elc/r_elc.o
                0x00006080                R_ELC_Open
 .text.R_ELC_LinkSet
                0x00006120       0x30 ./ra/fsp/src/r_elc/r_elc.o
                0x00006120                R_ELC_LinkSet
 .text.R_ELC_Enable
                0x00006150       0x20 ./ra/fsp/src/r_elc/r_elc.o
                0x00006150                R_ELC_Enable
 .text.R_DTC_Open
                0x00006170       0x68 ./ra/fsp/src/r_dtc/r_dtc.o
                0x00006170                R_DTC_Open
 .text.R_DTC_Reconfigure
                0x000061d8       0x7c ./ra/fsp/src/r_dtc/r_dtc.o
                0x000061d8                R_DTC_Reconfigure
 .text.R_DTC_Reset
                0x00006254      0x110 ./ra/fsp/src/r_dtc/r_dtc.o
                0x00006254                R_DTC_Reset
 .text.R_DTC_SoftwareStart
                0x00006364       0x1a ./ra/fsp/src/r_dtc/r_dtc.o
                0x00006364                R_DTC_SoftwareStart
 .text.R_DTC_SoftwareStop
                0x0000637e       0x16 ./ra/fsp/src/r_dtc/r_dtc.o
                0x0000637e                R_DTC_SoftwareStop
 .text.R_DTC_Enable
                0x00006394       0x1c ./ra/fsp/src/r_dtc/r_dtc.o
                0x00006394                R_DTC_Enable
 .text.R_DTC_Disable
                0x000063b0       0x38 ./ra/fsp/src/r_dtc/r_dtc.o
                0x000063b0                R_DTC_Disable
 .text.R_DTC_InfoGet
                0x000063e8       0x98 ./ra/fsp/src/r_dtc/r_dtc.o
                0x000063e8                R_DTC_InfoGet
 .text.R_DTC_Close
                0x00006480       0x54 ./ra/fsp/src/r_dtc/r_dtc.o
                0x00006480                R_DTC_Close
 .text.r_dtc_prv_enable
                0x000064d4       0x34 ./ra/fsp/src/r_dtc/r_dtc.o
 .text.r_dtc_state_initialize
                0x00006508       0x80 ./ra/fsp/src/r_dtc/r_dtc.o
 .text.r_dtc_set_info
                0x00006588       0x3c ./ra/fsp/src/r_dtc/r_dtc.o
 .text.r_dtc_block_repeat_initialize
                0x000065c4       0x6e ./ra/fsp/src/r_dtc/r_dtc.o
 *fill*         0x00006632        0x2 ff
 .text.R_DAC_Open
                0x00006634      0x118 ./ra/fsp/src/r_dac/r_dac.o
                0x00006634                R_DAC_Open
 .text.R_DAC_Write
                0x0000674c       0x2e ./ra/fsp/src/r_dac/r_dac.o
                0x0000674c                R_DAC_Write
 .text.R_DAC_Start
                0x0000677a      0x1ae ./ra/fsp/src/r_dac/r_dac.o
                0x0000677a                R_DAC_Start
 .text.R_DAC_Stop
                0x00006928       0x66 ./ra/fsp/src/r_dac/r_dac.o
                0x00006928                R_DAC_Stop
 .text.R_DAC_Close
                0x0000698e       0x80 ./ra/fsp/src/r_dac/r_dac.o
                0x0000698e                R_DAC_Close
 .text.R_FSP_CurrentIrqGet
                0x00006a0e       0x2c ./ra/fsp/src/r_canfd/r_canfd.o
 *fill*         0x00006a3a        0x2 ff
 .text.R_FSP_IsrContextSet
                0x00006a3c       0x28 ./ra/fsp/src/r_canfd/r_canfd.o
 .text.R_BSP_IrqStatusClear
                0x00006a64       0x30 ./ra/fsp/src/r_canfd/r_canfd.o
 .text.R_BSP_IrqClearPending
                0x00006a94       0x40 ./ra/fsp/src/r_canfd/r_canfd.o
 .text.R_BSP_IrqCfg
                0x00006ad4       0x3c ./ra/fsp/src/r_canfd/r_canfd.o
 .text.R_BSP_IrqEnableNoClear
                0x00006b10       0x38 ./ra/fsp/src/r_canfd/r_canfd.o
 .text.R_BSP_IrqEnable
                0x00006b48       0x26 ./ra/fsp/src/r_canfd/r_canfd.o
 *fill*         0x00006b6e        0x2 ff
 .text.R_BSP_IrqDisable
                0x00006b70       0x48 ./ra/fsp/src/r_canfd/r_canfd.o
 .text.R_BSP_IrqCfgEnable
                0x00006bb8       0x2e ./ra/fsp/src/r_canfd/r_canfd.o
 *fill*         0x00006be6        0x2 ff
 .text.R_FSP_IsrContextGet
                0x00006be8       0x24 ./ra/fsp/src/r_canfd/r_canfd.o
 .text.R_CANFD_Open
                0x00006c0c      0x2dc ./ra/fsp/src/r_canfd/r_canfd.o
                0x00006c0c                R_CANFD_Open
 .text.R_CANFD_Close
                0x00006ee8       0xbc ./ra/fsp/src/r_canfd/r_canfd.o
                0x00006ee8                R_CANFD_Close
 .text.R_CANFD_Write
                0x00006fa4       0xf0 ./ra/fsp/src/r_canfd/r_canfd.o
                0x00006fa4                R_CANFD_Write
 .text.R_CANFD_Read
                0x00007094       0x60 ./ra/fsp/src/r_canfd/r_canfd.o
                0x00007094                R_CANFD_Read
 .text.R_CANFD_ModeTransition
                0x000070f4       0x84 ./ra/fsp/src/r_canfd/r_canfd.o
                0x000070f4                R_CANFD_ModeTransition
 .text.R_CANFD_InfoGet
                0x00007178       0x98 ./ra/fsp/src/r_canfd/r_canfd.o
                0x00007178                R_CANFD_InfoGet
 .text.R_CANFD_CallbackSet
                0x00007210       0x32 ./ra/fsp/src/r_canfd/r_canfd.o
                0x00007210                R_CANFD_CallbackSet
 *fill*         0x00007242        0x2 ff
 .text.r_canfd_mb_read
                0x00007244      0x100 ./ra/fsp/src/r_canfd/r_canfd.o
 .text.r_canfd_call_callback
                0x00007344       0x66 ./ra/fsp/src/r_canfd/r_canfd.o
 *fill*         0x000073aa        0x2 ff
 .text.canfd_error_isr
                0x000073ac      0x110 ./ra/fsp/src/r_canfd/r_canfd.o
                0x000073ac                canfd_error_isr
 .text.canfd_rx_fifo_isr
                0x000074bc       0xd8 ./ra/fsp/src/r_canfd/r_canfd.o
                0x000074bc                canfd_rx_fifo_isr
 .text.canfd_channel_tx_isr
                0x00007594      0x14c ./ra/fsp/src/r_canfd/r_canfd.o
                0x00007594                canfd_channel_tx_isr
 .text.r_canfd_mode_transition
                0x000076e0      0x110 ./ra/fsp/src/r_canfd/r_canfd.o
 .text.r_canfd_mode_ctr_set
                0x000077f0       0x40 ./ra/fsp/src/r_canfd/r_canfd.o
 .text.r_canfd_bytes_to_dlc
                0x00007830       0x3e ./ra/fsp/src/r_canfd/r_canfd.o
 *fill*         0x0000786e        0x2 ff
 .text.__NVIC_DisableIRQ
                0x00007870       0x48 ./ra/fsp/src/r_agt/r_agt.o
 .text.R_FSP_CurrentIrqGet
                0x000078b8       0x2c ./ra/fsp/src/r_agt/r_agt.o
 .text.R_FSP_SystemClockHzGet
                0x000078e4       0x4c ./ra/fsp/src/r_agt/r_agt.o
 .text.R_FSP_IsrContextSet
                0x00007930       0x28 ./ra/fsp/src/r_agt/r_agt.o
 .text.R_BSP_IrqStatusClear
                0x00007958       0x30 ./ra/fsp/src/r_agt/r_agt.o
 .text.R_BSP_IrqClearPending
                0x00007988       0x40 ./ra/fsp/src/r_agt/r_agt.o
 .text.R_BSP_IrqCfg
                0x000079c8       0x3c ./ra/fsp/src/r_agt/r_agt.o
 .text.R_BSP_IrqEnableNoClear
                0x00007a04       0x38 ./ra/fsp/src/r_agt/r_agt.o
 .text.R_BSP_IrqEnable
                0x00007a3c       0x26 ./ra/fsp/src/r_agt/r_agt.o
 .text.R_BSP_IrqCfgEnable
                0x00007a62       0x2e ./ra/fsp/src/r_agt/r_agt.o
 .text.R_FSP_IsrContextGet
                0x00007a90       0x24 ./ra/fsp/src/r_agt/r_agt.o
 .text.R_AGT_Open
                0x00007ab4       0xf0 ./ra/fsp/src/r_agt/r_agt.o
                0x00007ab4                R_AGT_Open
 .text.R_AGT_Start
                0x00007ba4       0x76 ./ra/fsp/src/r_agt/r_agt.o
                0x00007ba4                R_AGT_Start
 .text.R_AGT_Stop
                0x00007c1a       0x30 ./ra/fsp/src/r_agt/r_agt.o
                0x00007c1a                R_AGT_Stop
 .text.R_AGT_Reset
                0x00007c4a       0x34 ./ra/fsp/src/r_agt/r_agt.o
                0x00007c4a                R_AGT_Reset
 .text.R_AGT_Enable
                0x00007c7e       0x2e ./ra/fsp/src/r_agt/r_agt.o
                0x00007c7e                R_AGT_Enable
 .text.R_AGT_Disable
                0x00007cac       0x22 ./ra/fsp/src/r_agt/r_agt.o
                0x00007cac                R_AGT_Disable
 .text.R_AGT_PeriodSet
                0x00007cce       0x32 ./ra/fsp/src/r_agt/r_agt.o
                0x00007cce                R_AGT_PeriodSet
 .text.R_AGT_DutyCycleSet
                0x00007d00       0x40 ./ra/fsp/src/r_agt/r_agt.o
                0x00007d00                R_AGT_DutyCycleSet
 .text.R_AGT_InfoGet
                0x00007d40       0xa4 ./ra/fsp/src/r_agt/r_agt.o
                0x00007d40                R_AGT_InfoGet
 .text.R_AGT_StatusGet
                0x00007de4       0x46 ./ra/fsp/src/r_agt/r_agt.o
                0x00007de4                R_AGT_StatusGet
 .text.R_AGT_CallbackSet
                0x00007e2a       0x32 ./ra/fsp/src/r_agt/r_agt.o
                0x00007e2a                R_AGT_CallbackSet
 .text.R_AGT_Close
                0x00007e5c       0x6a ./ra/fsp/src/r_agt/r_agt.o
                0x00007e5c                R_AGT_Close
 .text.r_agt_common_preamble
                0x00007ec6       0x3a ./ra/fsp/src/r_agt/r_agt.o
 .text.r_agt_hardware_cfg
                0x00007f00      0x146 ./ra/fsp/src/r_agt/r_agt.o
 *fill*         0x00008046        0x2 ff
 .text.r_agt_period_register_set
                0x00008048       0x7c ./ra/fsp/src/r_agt/r_agt.o
 .text.r_agt_clock_frequency_get
                0x000080c4       0x68 ./ra/fsp/src/r_agt/r_agt.o
 .text.agt_int_isr
                0x0000812c       0xe0 ./ra/fsp/src/r_agt/r_agt.o
                0x0000812c                agt_int_isr
 .text.R_FSP_CurrentIrqGet
                0x0000820c       0x2c ./ra/fsp/src/r_adc_b/r_adc_b.o
 .text.R_FSP_IsrContextSet
                0x00008238       0x28 ./ra/fsp/src/r_adc_b/r_adc_b.o
 .text.R_BSP_IrqStatusClear
                0x00008260       0x30 ./ra/fsp/src/r_adc_b/r_adc_b.o
 .text.R_BSP_IrqClearPending
                0x00008290       0x40 ./ra/fsp/src/r_adc_b/r_adc_b.o
 .text.R_BSP_IrqCfg
                0x000082d0       0x3c ./ra/fsp/src/r_adc_b/r_adc_b.o
 .text.R_BSP_IrqEnableNoClear
                0x0000830c       0x38 ./ra/fsp/src/r_adc_b/r_adc_b.o
 .text.R_BSP_IrqEnable
                0x00008344       0x26 ./ra/fsp/src/r_adc_b/r_adc_b.o
 *fill*         0x0000836a        0x2 ff
 .text.R_BSP_IrqDisable
                0x0000836c       0x48 ./ra/fsp/src/r_adc_b/r_adc_b.o
 .text.R_BSP_IrqCfgEnable
                0x000083b4       0x2e ./ra/fsp/src/r_adc_b/r_adc_b.o
 *fill*         0x000083e2        0x2 ff
 .text.R_FSP_IsrContextGet
                0x000083e4       0x24 ./ra/fsp/src/r_adc_b/r_adc_b.o
 .text.R_ADC_B_Open
                0x00008408      0x238 ./ra/fsp/src/r_adc_b/r_adc_b.o
                0x00008408                R_ADC_B_Open
 .text.R_ADC_B_ScanCfg
                0x00008640      0x310 ./ra/fsp/src/r_adc_b/r_adc_b.o
                0x00008640                R_ADC_B_ScanCfg
 .text.R_ADC_B_CallbackSet
                0x00008950       0x32 ./ra/fsp/src/r_adc_b/r_adc_b.o
                0x00008950                R_ADC_B_CallbackSet
 *fill*         0x00008982        0x2 ff
 .text.R_ADC_B_ScanStart
                0x00008984       0x34 ./ra/fsp/src/r_adc_b/r_adc_b.o
                0x00008984                R_ADC_B_ScanStart
 .text.R_ADC_B_ScanGroupStart
                0x000089b8       0x50 ./ra/fsp/src/r_adc_b/r_adc_b.o
                0x000089b8                R_ADC_B_ScanGroupStart
 .text.R_ADC_B_ScanStop
                0x00008a08       0x50 ./ra/fsp/src/r_adc_b/r_adc_b.o
                0x00008a08                R_ADC_B_ScanStop
 .text.R_ADC_B_StatusGet
                0x00008a58       0x34 ./ra/fsp/src/r_adc_b/r_adc_b.o
                0x00008a58                R_ADC_B_StatusGet
 .text.R_ADC_B_Read
                0x00008a8c       0x74 ./ra/fsp/src/r_adc_b/r_adc_b.o
                0x00008a8c                R_ADC_B_Read
 .text.R_ADC_B_Read32
                0x00008b00       0x44 ./ra/fsp/src/r_adc_b/r_adc_b.o
                0x00008b00                R_ADC_B_Read32
 .text.R_ADC_B_InfoGet
                0x00008b44       0x70 ./ra/fsp/src/r_adc_b/r_adc_b.o
                0x00008b44                R_ADC_B_InfoGet
 .text.R_ADC_B_Close
                0x00008bb4      0x110 ./ra/fsp/src/r_adc_b/r_adc_b.o
                0x00008bb4                R_ADC_B_Close
 .text.R_ADC_B_Calibrate
                0x00008cc4      0x164 ./ra/fsp/src/r_adc_b/r_adc_b.o
                0x00008cc4                R_ADC_B_Calibrate
 .text.R_ADC_B_OffsetSet
                0x00008e28       0x1c ./ra/fsp/src/r_adc_b/r_adc_b.o
                0x00008e28                R_ADC_B_OffsetSet
 .text.adc_b_open_pga
                0x00008e44       0x68 ./ra/fsp/src/r_adc_b/r_adc_b.o
 .text.adc_b_disable_interrupts
                0x00008eac       0x4c ./ra/fsp/src/r_adc_b/r_adc_b.o
 .text.adc_b_enable_interrupts
                0x00008ef8       0x5c ./ra/fsp/src/r_adc_b/r_adc_b.o
 .text.adc_b_isr_enable
                0x00008f54       0x2e ./ra/fsp/src/r_adc_b/r_adc_b.o
 .text.adc_b_isr_handler
                0x00008f82       0x6a ./ra/fsp/src/r_adc_b/r_adc_b.o
 .text.adc_b_call_callback
                0x00008fec       0x72 ./ra/fsp/src/r_adc_b/r_adc_b.o
 *fill*         0x0000905e        0x2 ff
 .text.adc_b_adi0_isr
                0x00009060       0x3c ./ra/fsp/src/r_adc_b/r_adc_b.o
                0x00009060                adc_b_adi0_isr
 .text.adc_b_adi1_isr
                0x0000909c       0x3c ./ra/fsp/src/r_adc_b/r_adc_b.o
                0x0000909c                adc_b_adi1_isr
 .text.R_FSP_SystemClockHzGet
                0x000090d8       0x4c ./ra/fsp/src/r_acmphs/r_acmphs.o
 .text.R_FSP_IsrContextSet
                0x00009124       0x28 ./ra/fsp/src/r_acmphs/r_acmphs.o
 .text.R_BSP_IrqStatusClear
                0x0000914c       0x30 ./ra/fsp/src/r_acmphs/r_acmphs.o
 .text.R_BSP_IrqClearPending
                0x0000917c       0x40 ./ra/fsp/src/r_acmphs/r_acmphs.o
 .text.R_BSP_IrqCfg
                0x000091bc       0x3c ./ra/fsp/src/r_acmphs/r_acmphs.o
 .text.R_BSP_IrqEnableNoClear
                0x000091f8       0x38 ./ra/fsp/src/r_acmphs/r_acmphs.o
 .text.R_BSP_IrqEnable
                0x00009230       0x26 ./ra/fsp/src/r_acmphs/r_acmphs.o
 *fill*         0x00009256        0x2 ff
 .text.R_BSP_IrqDisable
                0x00009258       0x48 ./ra/fsp/src/r_acmphs/r_acmphs.o
 .text.R_ACMPHS_Open
                0x000092a0       0xb0 ./ra/fsp/src/r_acmphs/r_acmphs.o
                0x000092a0                R_ACMPHS_Open
 .text.R_ACMPHS_InfoGet
                0x00009350       0x68 ./ra/fsp/src/r_acmphs/r_acmphs.o
                0x00009350                R_ACMPHS_InfoGet
 .text.R_ACMPHS_OutputEnable
                0x000093b8       0x7c ./ra/fsp/src/r_acmphs/r_acmphs.o
                0x000093b8                R_ACMPHS_OutputEnable
 .text.R_ACMPHS_StatusGet
                0x00009434       0xa2 ./ra/fsp/src/r_acmphs/r_acmphs.o
                0x00009434                R_ACMPHS_StatusGet
 *fill*         0x000094d6        0x2 ff
 .text.R_ACMPHS_Close
                0x000094d8       0xc8 ./ra/fsp/src/r_acmphs/r_acmphs.o
                0x000094d8                R_ACMPHS_Close
 .text.acmphs_hardware_initialize
                0x000095a0       0xdc ./ra/fsp/src/r_acmphs/r_acmphs.o
 .text.R_BSP_FlashCacheEnable
                0x0000967c       0x40 ./ra/fsp/src/bsp/mcu/all/bsp_clocks.o
 .text.SystemCoreClockUpdate
                0x000096bc       0x40 ./ra/fsp/src/bsp/mcu/all/bsp_clocks.o
                0x000096bc                SystemCoreClockUpdate
 .text.bsp_prv_clock_set_hard_reset
                0x000096fc       0x30 ./ra/fsp/src/bsp/mcu/all/bsp_clocks.o
 .text.bsp_clock_freq_var_init
                0x0000972c       0x64 ./ra/fsp/src/bsp/mcu/all/bsp_clocks.o
 .text.bsp_clock_init
                0x00009790      0x1cc ./ra/fsp/src/bsp/mcu/all/bsp_clocks.o
                0x00009790                bsp_clock_init
 .text.bsp_init_internal
                0x0000995c       0x14 ./ra/fsp/src/bsp/mcu/all/bsp_common.o
                0x0000995c                bsp_init_internal
                0x0000995c                bsp_init
 .text.R_BSP_SoftwareDelay
                0x00009970      0x164 ./ra/fsp/src/bsp/mcu/all/bsp_delay.o
                0x00009970                R_BSP_SoftwareDelay
 .text.bsp_prv_software_delay_loop
                0x00009ad4        0xc ./ra/fsp/src/bsp/mcu/all/bsp_delay.o
                0x00009ad4                bsp_prv_software_delay_loop
 .text.bsp_group_irq_call
                0x00009ae0       0x30 ./ra/fsp/src/bsp/mcu/all/bsp_group_irq.o
 .text.NMI_Handler
                0x00009b10       0x4c ./ra/fsp/src/bsp/mcu/all/bsp_group_irq.o
                0x00009b10                NMI_Handler
 .text.bsp_irq_cfg
                0x00009b5c       0xfc ./ra/fsp/src/bsp/mcu/all/bsp_irq.o
                0x00009b5c                bsp_irq_cfg
 .text.R_BSP_RegisterProtectEnable
                0x00009c58       0xa0 ./ra/fsp/src/bsp/mcu/all/bsp_register_protection.o
                0x00009c58                R_BSP_RegisterProtectEnable
 .text.R_BSP_RegisterProtectDisable
                0x00009cf8       0x90 ./ra/fsp/src/bsp/mcu/all/bsp_register_protection.o
                0x00009cf8                R_BSP_RegisterProtectDisable
 .text.Reset_Handler
                0x00009d88        0xe ./ra/fsp/src/bsp/cmsis/Device/RENESAS/Source/startup.o
                0x00009d88                Reset_Handler
 .text.Default_Handler
                0x00009d96       0x10 ./ra/fsp/src/bsp/cmsis/Device/RENESAS/Source/startup.o
                0x00009d96                DebugMon_Handler
                0x00009d96                HardFault_Handler
                0x00009d96                SysTick_Handler
                0x00009d96                PendSV_Handler
                0x00009d96                UsageFault_Handler
                0x00009d96                SecureFault_Handler
                0x00009d96                Default_Handler
                0x00009d96                MemManage_Handler
                0x00009d96                SVC_Handler
                0x00009d96                BusFault_Handler
 *fill*         0x00009da6        0x2 ff
 .text.SystemInit
                0x00009da8      0x128 ./ra/fsp/src/bsp/cmsis/Device/RENESAS/Source/system.o
                0x00009da8                SystemInit
 .text.AntiSatPID_calc
                0x00009ed0       0xe8 D:\Workspace\gitLab_workspace\cn028-1-digital-power-pfc\CN028_1_3600W_bidirectional_totempole_converter_debug\lib\libDigitPow_Lib.a(digitPow_lib.o)
                0x00009ed0                AntiSatPID_calc
 .text.PR_para_init
                0x00009fb8      0x1f0 D:\Workspace\gitLab_workspace\cn028-1-digital-power-pfc\CN028_1_3600W_bidirectional_totempole_converter_debug\lib\libDigitPow_Lib.a(digitPow_lib.o)
                0x00009fb8                PR_para_init
 .text.PR_calc  0x0000a1a8       0xfc D:\Workspace\gitLab_workspace\cn028-1-digital-power-pfc\CN028_1_3600W_bidirectional_totempole_converter_debug\lib\libDigitPow_Lib.a(digitPow_lib.o)
                0x0000a1a8                PR_calc
 .text.duty_calculation
                0x0000a2a4      0x144 D:\Workspace\gitLab_workspace\cn028-1-digital-power-pfc\CN028_1_3600W_bidirectional_totempole_converter_debug\lib\libDigitPow_Lib.a(digitPow_lib.o)
                0x0000a2a4                duty_calculation
 .text.PLL      0x0000a3e8      0x4f4 D:\Workspace\gitLab_workspace\cn028-1-digital-power-pfc\CN028_1_3600W_bidirectional_totempole_converter_debug\lib\libDigitPow_Lib.a(digitPow_lib.o)
                0x0000a3e8                PLL
 .text          0x0000a8dc      0x378 d:/cdpf/gnu arm embedded toolchain/10 2021.10/bin/../lib/gcc/arm-none-eabi/10.3.1/thumb/v8-m.main+fp/hard\libgcc.a(_arm_addsubdf3.o)
                0x0000a8dc                __aeabi_drsub
                0x0000a8e4                __aeabi_dsub
                0x0000a8e4                __subdf3
                0x0000a8e8                __aeabi_dadd
                0x0000a8e8                __adddf3
                0x0000ab60                __floatunsidf
                0x0000ab60                __aeabi_ui2d
                0x0000ab80                __floatsidf
                0x0000ab80                __aeabi_i2d
                0x0000aba4                __aeabi_f2d
                0x0000aba4                __extendsfdf2
                0x0000abe8                __floatundidf
                0x0000abe8                __aeabi_ul2d
                0x0000abf8                __floatdidf
                0x0000abf8                __aeabi_l2d
 .text          0x0000ac54       0xa0 d:/cdpf/gnu arm embedded toolchain/10 2021.10/bin/../lib/gcc/arm-none-eabi/10.3.1/thumb/v8-m.main+fp/hard\libgcc.a(_arm_truncdfsf2.o)
                0x0000ac54                __truncdfsf2
                0x0000ac54                __aeabi_d2f
 .text.__errno  0x0000acf4        0xc d:/cdpf/gnu arm embedded toolchain/10 2021.10/bin/../lib/gcc/arm-none-eabi/10.3.1/../../../../arm-none-eabi/lib/thumb/v8-m.main+fp/hard\libg_nano.a(lib_a-errno.o)
                0x0000acf4                __errno
 .text.memcpy   0x0000ad00       0x1a d:/cdpf/gnu arm embedded toolchain/10 2021.10/bin/../lib/gcc/arm-none-eabi/10.3.1/../../../../arm-none-eabi/lib/thumb/v8-m.main+fp/hard\libg_nano.a(lib_a-memcpy-stub.o)
                0x0000ad00                memcpy
 .text.memset   0x0000ad1a       0x10 d:/cdpf/gnu arm embedded toolchain/10 2021.10/bin/../lib/gcc/arm-none-eabi/10.3.1/../../../../arm-none-eabi/lib/thumb/v8-m.main+fp/hard\libg_nano.a(lib_a-memset.o)
                0x0000ad1a                memset
 *fill*         0x0000ad2a        0x2 ff
 .text.sqrt     0x0000ad2c       0x68 d:/cdpf/gnu arm embedded toolchain/10 2021.10/bin/../lib/gcc/arm-none-eabi/10.3.1/../../../../arm-none-eabi/lib/thumb/v8-m.main+fp/hard\libm.a(lib_a-w_sqrt.o)
                0x0000ad2c                sqrt
 .text.__ieee754_sqrt
                0x0000ad94      0x184 d:/cdpf/gnu arm embedded toolchain/10 2021.10/bin/../lib/gcc/arm-none-eabi/10.3.1/../../../../arm-none-eabi/lib/thumb/v8-m.main+fp/hard\libm.a(lib_a-e_sqrt.o)
                0x0000ad94                __ieee754_sqrt
 .text          0x0000af18      0x424 d:/cdpf/gnu arm embedded toolchain/10 2021.10/bin/../lib/gcc/arm-none-eabi/10.3.1/thumb/v8-m.main+fp/hard\libgcc.a(_arm_muldivdf3.o)
                0x0000af18                __aeabi_dmul
                0x0000af18                __muldf3
                0x0000b16c                __divdf3
                0x0000b16c                __aeabi_ddiv
 .text          0x0000b33c      0x110 d:/cdpf/gnu arm embedded toolchain/10 2021.10/bin/../lib/gcc/arm-none-eabi/10.3.1/thumb/v8-m.main+fp/hard\libgcc.a(_arm_cmpdf2.o)
                0x0000b33c                __gtdf2
                0x0000b33c                __gedf2
                0x0000b344                __ltdf2
                0x0000b344                __ledf2
                0x0000b34c                __nedf2
                0x0000b34c                __eqdf2
                0x0000b34c                __cmpdf2
                0x0000b3c8                __aeabi_cdrcmple
                0x0000b3d8                __aeabi_cdcmpeq
                0x0000b3d8                __aeabi_cdcmple
                0x0000b3e8                __aeabi_dcmpeq
                0x0000b3fc                __aeabi_dcmplt
                0x0000b410                __aeabi_dcmple
                0x0000b424                __aeabi_dcmpge
                0x0000b438                __aeabi_dcmpgt
 .text          0x0000b44c       0x2c d:/cdpf/gnu arm embedded toolchain/10 2021.10/bin/../lib/gcc/arm-none-eabi/10.3.1/thumb/v8-m.main+fp/hard\libgcc.a(_arm_unorddf2.o)
                0x0000b44c                __unorddf2
                0x0000b44c                __aeabi_dcmpun
 *(.version)
 .version       0x0000b478       0x50 ./ra/fsp/src/bsp/mcu/all/bsp_common.o
 *(.init)
 .init          0x0000b4c8        0x4 d:/cdpf/gnu arm embedded toolchain/10 2021.10/bin/../lib/gcc/arm-none-eabi/10.3.1/thumb/v8-m.main+fp/hard/crti.o
                0x0000b4c8                _init
 .init          0x0000b4cc        0x8 d:/cdpf/gnu arm embedded toolchain/10 2021.10/bin/../lib/gcc/arm-none-eabi/10.3.1/thumb/v8-m.main+fp/hard/crtn.o
 *(.fini)
 .fini          0x0000b4d4        0x4 d:/cdpf/gnu arm embedded toolchain/10 2021.10/bin/../lib/gcc/arm-none-eabi/10.3.1/thumb/v8-m.main+fp/hard/crti.o
                0x0000b4d4                _fini
 .fini          0x0000b4d8        0x8 d:/cdpf/gnu arm embedded toolchain/10 2021.10/bin/../lib/gcc/arm-none-eabi/10.3.1/thumb/v8-m.main+fp/hard/crtn.o
 *crtbegin.o(.ctors)
 *crtbegin?.o(.ctors)
 *(EXCLUDE_FILE(*crtend.o *crtend?.o) .ctors)
 *(SORT_BY_NAME(.ctors.*))
 *(.ctors)
 *crtbegin.o(.dtors)
 *crtbegin?.o(.dtors)
 *(EXCLUDE_FILE(*crtend.o *crtend?.o) .dtors)
 *(SORT_BY_NAME(.dtors.*))
 *(.dtors)
 *(.rodata*)
 .rodata.p_canfd0_afl
                0x0000b4e0      0x200 ./src/can_fd.o
                0x0000b4e0                p_canfd0_afl
 .rodata.g_ioport
                0x0000b6e0        0xc ./ra_gen/common_data.o
                0x0000b6e0                g_ioport
 .rodata.g_elc_cfg
                0x0000b6ec       0x3c ./ra_gen/elc_data.o
                0x0000b6ec                g_elc_cfg
 .rodata.g_canfd0_cfg
                0x0000b728       0x18 ./ra_gen/hal_data.o
                0x0000b728                g_canfd0_cfg
 .rodata.g_canfd0
                0x0000b740        0xc ./ra_gen/hal_data.o
                0x0000b740                g_canfd0
 .rodata.g_dac2_ext_cfg
                0x0000b74c        0x4 ./ra_gen/hal_data.o
                0x0000b74c                g_dac2_ext_cfg
 .rodata.g_dac2_cfg
                0x0000b750        0x8 ./ra_gen/hal_data.o
                0x0000b750                g_dac2_cfg
 .rodata.g_dac2
                0x0000b758        0xc ./ra_gen/hal_data.o
                0x0000b758                g_dac2
 .rodata.g_dtc1_sci9_rxi_cfg_extend
                0x0000b764        0x1 ./ra_gen/hal_data.o
                0x0000b764                g_dtc1_sci9_rxi_cfg_extend
 *fill*         0x0000b765        0x3 ff
 .rodata.g_dtc1_sci9_rxi_cfg
                0x0000b768        0x8 ./ra_gen/hal_data.o
                0x0000b768                g_dtc1_sci9_rxi_cfg
 .rodata.g_dtc1_sci9_rxi
                0x0000b770        0xc ./ra_gen/hal_data.o
                0x0000b770                g_dtc1_sci9_rxi
 .rodata.g_dtc0_sci9_txi_cfg_extend
                0x0000b77c        0x1 ./ra_gen/hal_data.o
                0x0000b77c                g_dtc0_sci9_txi_cfg_extend
 *fill*         0x0000b77d        0x3 ff
 .rodata.g_dtc0_sci9_txi_cfg
                0x0000b780        0x8 ./ra_gen/hal_data.o
                0x0000b780                g_dtc0_sci9_txi_cfg
 .rodata.g_dtc0_sci9_txi
                0x0000b788        0xc ./ra_gen/hal_data.o
                0x0000b788                g_dtc0_sci9_txi
 .rodata.g_uart9_cfg_extend
                0x0000b794       0x14 ./ra_gen/hal_data.o
                0x0000b794                g_uart9_cfg_extend
 .rodata.g_uart9_cfg
                0x0000b7a8       0x20 ./ra_gen/hal_data.o
                0x0000b7a8                g_uart9_cfg
 .rodata.g_gpt9_pwm_extend
                0x0000b7c8       0x20 ./ra_gen/hal_data.o
                0x0000b7c8                g_gpt9_pwm_extend
 .rodata.g_gpt9_extend
                0x0000b7e8       0x30 ./ra_gen/hal_data.o
                0x0000b7e8                g_gpt9_extend
 .rodata.g_gpt9_cfg
                0x0000b818       0x20 ./ra_gen/hal_data.o
                0x0000b818                g_gpt9_cfg
 .rodata.g_gpt9
                0x0000b838        0xc ./ra_gen/hal_data.o
                0x0000b838                g_gpt9
 .rodata.g_gpt8_pwm_extend
                0x0000b844       0x20 ./ra_gen/hal_data.o
                0x0000b844                g_gpt8_pwm_extend
 .rodata.g_gpt8_extend
                0x0000b864       0x30 ./ra_gen/hal_data.o
                0x0000b864                g_gpt8_extend
 .rodata.g_gpt8_cfg
                0x0000b894       0x20 ./ra_gen/hal_data.o
                0x0000b894                g_gpt8_cfg
 .rodata.g_gpt8
                0x0000b8b4        0xc ./ra_gen/hal_data.o
                0x0000b8b4                g_gpt8
 .rodata.g_gpt7_rect_pwm_extend
                0x0000b8c0       0x20 ./ra_gen/hal_data.o
                0x0000b8c0                g_gpt7_rect_pwm_extend
 .rodata.g_gpt7_rect_extend
                0x0000b8e0       0x30 ./ra_gen/hal_data.o
                0x0000b8e0                g_gpt7_rect_extend
 .rodata.g_gpt7_rect_cfg
                0x0000b910       0x20 ./ra_gen/hal_data.o
                0x0000b910                g_gpt7_rect_cfg
 .rodata.g_gpt7_rect
                0x0000b930        0xc ./ra_gen/hal_data.o
                0x0000b930                g_gpt7_rect
 .rodata.g_three_phase1_cfg
                0x0000b93c       0x20 ./ra_gen/hal_data.o
                0x0000b93c                g_three_phase1_cfg
 .rodata.g_gpt6_pwm_extend
                0x0000b95c       0x20 ./ra_gen/hal_data.o
                0x0000b95c                g_gpt6_pwm_extend
 .rodata.g_gpt6_extend
                0x0000b97c       0x30 ./ra_gen/hal_data.o
                0x0000b97c                g_gpt6_extend
 .rodata.g_gpt6_cfg
                0x0000b9ac       0x20 ./ra_gen/hal_data.o
                0x0000b9ac                g_gpt6_cfg
 .rodata.g_gpt6
                0x0000b9cc        0xc ./ra_gen/hal_data.o
                0x0000b9cc                g_gpt6
 .rodata.g_gpt5_pwm_extend
                0x0000b9d8       0x20 ./ra_gen/hal_data.o
                0x0000b9d8                g_gpt5_pwm_extend
 .rodata.g_gpt5_extend
                0x0000b9f8       0x30 ./ra_gen/hal_data.o
                0x0000b9f8                g_gpt5_extend
 .rodata.g_gpt5_cfg
                0x0000ba28       0x20 ./ra_gen/hal_data.o
                0x0000ba28                g_gpt5_cfg
 .rodata.g_gpt5
                0x0000ba48        0xc ./ra_gen/hal_data.o
                0x0000ba48                g_gpt5
 .rodata.g_gpt4_chop_pwm_extend
                0x0000ba54       0x20 ./ra_gen/hal_data.o
                0x0000ba54                g_gpt4_chop_pwm_extend
 .rodata.g_gpt4_chop_extend
                0x0000ba74       0x30 ./ra_gen/hal_data.o
                0x0000ba74                g_gpt4_chop_extend
 .rodata.g_gpt4_chop_cfg
                0x0000baa4       0x20 ./ra_gen/hal_data.o
                0x0000baa4                g_gpt4_chop_cfg
 .rodata.g_gpt4_chop
                0x0000bac4        0xc ./ra_gen/hal_data.o
                0x0000bac4                g_gpt4_chop
 .rodata.g_three_phase0_cfg
                0x0000bad0       0x20 ./ra_gen/hal_data.o
                0x0000bad0                g_three_phase0_cfg
 .rodata.g_dac1_ext_cfg
                0x0000baf0        0x4 ./ra_gen/hal_data.o
                0x0000baf0                g_dac1_ext_cfg
 .rodata.g_dac1_cfg
                0x0000baf4        0x8 ./ra_gen/hal_data.o
                0x0000baf4                g_dac1_cfg
 .rodata.g_dac1
                0x0000bafc        0xc ./ra_gen/hal_data.o
                0x0000bafc                g_dac1
 .rodata.g_dac0_ext_cfg
                0x0000bb08        0x4 ./ra_gen/hal_data.o
                0x0000bb08                g_dac0_ext_cfg
 .rodata.g_dac0_cfg
                0x0000bb0c        0x8 ./ra_gen/hal_data.o
                0x0000bb0c                g_dac0_cfg
 .rodata.g_dac0
                0x0000bb14        0xc ./ra_gen/hal_data.o
                0x0000bb14                g_dac0
 .rodata.g_adc0_virtual_channel_0_cfg
                0x0000bb20       0x14 ./ra_gen/hal_data.o
                0x0000bb20                g_adc0_virtual_channel_0_cfg
 .rodata.g_adc0_virtual_channel_1_cfg
                0x0000bb34       0x14 ./ra_gen/hal_data.o
                0x0000bb34                g_adc0_virtual_channel_1_cfg
 .rodata.g_adc0_virtual_channel_4_cfg
                0x0000bb48       0x14 ./ra_gen/hal_data.o
                0x0000bb48                g_adc0_virtual_channel_4_cfg
 .rodata.g_adc0_virtual_channel_5_cfg
                0x0000bb5c       0x14 ./ra_gen/hal_data.o
                0x0000bb5c                g_adc0_virtual_channel_5_cfg
 .rodata.g_adc0_group_0_virtual_channels
                0x0000bb70        0xc ./ra_gen/hal_data.o
                0x0000bb70                g_adc0_group_0_virtual_channels
 .rodata.g_adc0_group_1_virtual_channels
                0x0000bb7c        0x4 ./ra_gen/hal_data.o
                0x0000bb7c                g_adc0_group_1_virtual_channels
 .rodata.g_adc0_group_0_cfg
                0x0000bb80       0x1c ./ra_gen/hal_data.o
                0x0000bb80                g_adc0_group_0_cfg
 .rodata.g_adc0_group_1_cfg
                0x0000bb9c       0x1c ./ra_gen/hal_data.o
                0x0000bb9c                g_adc0_group_1_cfg
 .rodata.g_adc0_scan_cfg_groups
                0x0000bbb8        0x8 ./ra_gen/hal_data.o
                0x0000bbb8                g_adc0_scan_cfg_groups
 .rodata.g_adc0_scan_cfg
                0x0000bbc0        0x8 ./ra_gen/hal_data.o
                0x0000bbc0                g_adc0_scan_cfg
 .rodata.g_adc0_isr_cfg
                0x0000bbc8       0x28 ./ra_gen/hal_data.o
                0x0000bbc8                g_adc0_isr_cfg
 .rodata.g_adc0_cfg_extend
                0x0000bbf0       0xfc ./ra_gen/hal_data.o
                0x0000bbf0                g_adc0_cfg_extend
 .rodata.g_adc0_cfg
                0x0000bcec       0x18 ./ra_gen/hal_data.o
                0x0000bcec                g_adc0_cfg
 .rodata.g_adc0
                0x0000bd04       0x10 ./ra_gen/hal_data.o
                0x0000bd04                g_adc0
 .rodata.g_dac3_ext_cfg
                0x0000bd14        0x4 ./ra_gen/hal_data.o
                0x0000bd14                g_dac3_ext_cfg
 .rodata.g_dac3_cfg
                0x0000bd18        0x8 ./ra_gen/hal_data.o
                0x0000bd18                g_dac3_cfg
 .rodata.g_dac3
                0x0000bd20        0xc ./ra_gen/hal_data.o
                0x0000bd20                g_dac3
 .rodata.g_comparator0_cfg
                0x0000bd2c       0x18 ./ra_gen/hal_data.o
                0x0000bd2c                g_comparator0_cfg
 .rodata.g_comparator0
                0x0000bd44        0xc ./ra_gen/hal_data.o
                0x0000bd44                g_comparator0
 .rodata.g_poeg0_cfg
                0x0000bd50       0x14 ./ra_gen/hal_data.o
                0x0000bd50                g_poeg0_cfg
 .rodata.g_poeg0
                0x0000bd64        0xc ./ra_gen/hal_data.o
                0x0000bd64                g_poeg0
 .rodata.g_agt1_10kHz_extend
                0x0000bd70        0x7 ./ra_gen/hal_data.o
                0x0000bd70                g_agt1_10kHz_extend
 *fill*         0x0000bd77        0x1 ff
 .rodata.g_agt1_10kHz_cfg
                0x0000bd78       0x20 ./ra_gen/hal_data.o
                0x0000bd78                g_agt1_10kHz_cfg
 .rodata.g_agt1_10kHz
                0x0000bd98        0xc ./ra_gen/hal_data.o
                0x0000bd98                g_agt1_10kHz
 .rodata.g_bsp_pin_cfg_data
                0x0000bda4      0x138 ./ra_gen/pin_data.o
                0x0000bda4                g_bsp_pin_cfg_data
 .rodata.g_bsp_pin_cfg
                0x0000bedc        0x8 ./ra_gen/pin_data.o
                0x0000bedc                g_bsp_pin_cfg
 .rodata.g_interrupt_event_link_select
                0x0000bee4       0xc0 ./ra_gen/vector_data.o
                0x0000bee4                g_interrupt_event_link_select
 .rodata.g_poeg_on_poeg
                0x0000bfa4       0x18 ./ra/fsp/src/r_poeg/r_poeg.o
                0x0000bfa4                g_poeg_on_poeg
 .rodata.g_ioport_on_ioport
                0x0000bfbc       0x34 ./ra/fsp/src/r_ioport/r_ioport.o
                0x0000bfbc                g_ioport_on_ioport
 .rodata.g_timer_on_gpt
                0x0000bff0       0x30 ./ra/fsp/src/r_gpt/r_gpt.o
                0x0000bff0                g_timer_on_gpt
 .rodata.g_transfer_on_dtc
                0x0000c020       0x24 ./ra/fsp/src/r_dtc/r_dtc.o
                0x0000c020                g_transfer_on_dtc
 .rodata.g_dac_on_dac
                0x0000c044       0x14 ./ra/fsp/src/r_dac/r_dac.o
                0x0000c044                g_dac_on_dac
 .rodata.dlc_to_bytes
                0x0000c058       0x10 ./ra/fsp/src/r_canfd/r_canfd.o
 .rodata.g_canfd_on_canfd
                0x0000c068       0x1c ./ra/fsp/src/r_canfd/r_canfd.o
                0x0000c068                g_canfd_on_canfd
 .rodata.g_timer_on_agt
                0x0000c084       0x30 ./ra/fsp/src/r_agt/r_agt.o
                0x0000c084                g_timer_on_agt
 .rodata.g_adc_on_adc_b
                0x0000c0b4       0x34 ./ra/fsp/src/r_adc_b/r_adc_b.o
                0x0000c0b4                g_adc_on_adc_b
 .rodata.g_comparator_on_acmphs
                0x0000c0e8       0x14 ./ra/fsp/src/r_acmphs/r_acmphs.o
                0x0000c0e8                g_comparator_on_acmphs
 .rodata.g_prcr_masks
                0x0000c0fc        0x8 ./ra/fsp/src/bsp/mcu/all/bsp_register_protection.o
 .rodata.__sf_fake_stderr
                0x0000c104       0x20 d:/cdpf/gnu arm embedded toolchain/10 2021.10/bin/../lib/gcc/arm-none-eabi/10.3.1/../../../../arm-none-eabi/lib/thumb/v8-m.main+fp/hard\libc_nano.a(lib_a-findfp.o)
                0x0000c104                __sf_fake_stderr
 .rodata.__sf_fake_stdin
                0x0000c124       0x20 d:/cdpf/gnu arm embedded toolchain/10 2021.10/bin/../lib/gcc/arm-none-eabi/10.3.1/../../../../arm-none-eabi/lib/thumb/v8-m.main+fp/hard\libc_nano.a(lib_a-findfp.o)
                0x0000c124                __sf_fake_stdin
 .rodata.__sf_fake_stdout
                0x0000c144       0x20 d:/cdpf/gnu arm embedded toolchain/10 2021.10/bin/../lib/gcc/arm-none-eabi/10.3.1/../../../../arm-none-eabi/lib/thumb/v8-m.main+fp/hard\libc_nano.a(lib_a-findfp.o)
                0x0000c144                __sf_fake_stdout
                0x0000c164                __usb_dev_descriptor_start_fs = .
 *(.usb_device_desc_fs*)
                0x0000c164                __usb_cfg_descriptor_start_fs = .
 *(.usb_config_desc_fs*)
                0x0000c164                __usb_interface_descriptor_start_fs = .
 *(.usb_interface_desc_fs*)
                0x0000c164                __usb_descriptor_end_fs = .
                0x0000c164                __usb_dev_descriptor_start_hs = .
 *(.usb_device_desc_hs*)
                0x0000c164                __usb_cfg_descriptor_start_hs = .
 *(.usb_config_desc_hs*)
                0x0000c164                __usb_interface_descriptor_start_hs = .
 *(.usb_interface_desc_hs*)
                0x0000c164                __usb_descriptor_end_hs = .
 *(.eh_frame*)
 .eh_frame      0x0000c164        0x0 d:/cdpf/gnu arm embedded toolchain/10 2021.10/bin/../lib/gcc/arm-none-eabi/10.3.1/thumb/v8-m.main+fp/hard/crtbegin.o
 .eh_frame      0x0000c164        0x4 d:/cdpf/gnu arm embedded toolchain/10 2021.10/bin/../lib/gcc/arm-none-eabi/10.3.1/thumb/v8-m.main+fp/hard/crtend.o
                0x0000c168                __ROM_End = .
                0x000001c0                __Vectors_Size = (__Vectors_End - __Vectors)

.glue_7         0x0000c168        0x0
 .glue_7        0x0000c168        0x0 linker stubs

.glue_7t        0x0000c168        0x0
 .glue_7t       0x0000c168        0x0 linker stubs

.vfp11_veneer   0x0000c168        0x0
 .vfp11_veneer  0x0000c168        0x0 linker stubs

.v4_bx          0x0000c168        0x0
 .v4_bx         0x0000c168        0x0 linker stubs

.iplt           0x0000c168        0x0
 .iplt          0x0000c168        0x0 d:/cdpf/gnu arm embedded toolchain/10 2021.10/bin/../lib/gcc/arm-none-eabi/10.3.1/thumb/v8-m.main+fp/hard/crtbegin.o

.ARM.extab
 *(.ARM.extab* .gnu.linkonce.armextab.*)
                0x0000c168                __exidx_start = .

.ARM.exidx
 *(.ARM.exidx* .gnu.linkonce.armexidx.*)
                0x0000c168                __exidx_end = .
                0x0000c168                __etext = .
                0x20000000                __tz_RAM_S = ORIGIN (RAM)

.fsp_dtc_vector_table
                0x20000000      0x180
                0x20000000                . = ORIGIN (RAM)
 *(.fsp_dtc_vector_table)
 .fsp_dtc_vector_table
                0x20000000      0x180 ./ra/fsp/src/r_dtc/r_dtc.o

.data           0x20000180      0x664 load address 0x0000c168
                0x20000180                __data_start__ = .
                0x20000180                . = ALIGN (0x4)
                0x20000180                __Code_In_RAM_Start = .
 *(.code_in_ram*)
                0x20000180                __Code_In_RAM_End = .
 *(vtable)
 *(.data.*)
 .data.b_canfd_tx_complete
                0x20000180        0x1 ./src/can_fd.o
                0x20000180                b_canfd_tx_complete
 *fill*         0x20000181        0x3 
 .data.g_sci9_tx_OK
                0x20000184        0x5 ./src/console.o
                0x20000184                g_sci9_tx_OK
 *fill*         0x20000189        0x3 
 .data.g_sci9_tx_ERROR
                0x2000018c        0x5 ./src/console.o
                0x2000018c                g_sci9_tx_ERROR
 *fill*         0x20000191        0x3 
 .data.g_pll_pi
                0x20000194       0x3c ./src/digitPow.o
                0x20000194                g_pll_pi
 .data.gf_kint4_enable
                0x200001d0        0x1 ./src/digitPow.o
                0x200001d0                gf_kint4_enable
 *fill*         0x200001d1        0x3 
 .data.ntc_table
                0x200001d4      0x500 ./src/hal_entry.o
                0x200001d4                ntc_table
 .data.f_key_released
                0x200006d4        0x1 ./src/hal_entry.o
                0x200006d4                f_key_released
 .data.zero_offset_cal.4
                0x200006d5        0x1 ./src/hal_entry.o
 *fill*         0x200006d6        0x2 
 .data.g_RECT_PWM_period
                0x200006d8        0x4 ./src/ra6t2.o
                0x200006d8                g_RECT_PWM_period
 .data.g_CHOP_PWM_period
                0x200006dc        0x4 ./src/ra6t2.o
                0x200006dc                g_CHOP_PWM_period
 .data.g_RECT_deadt
                0x200006e0        0x4 ./src/ra6t2.o
                0x200006e0                g_RECT_deadt
 .data.g_CHOP_deadt
                0x200006e4        0x4 ./src/ra6t2.o
                0x200006e4                g_CHOP_deadt
 .data.gf_sci9_tx_complete
                0x200006e8        0x1 ./src/ra6t2.o
                0x200006e8                gf_sci9_tx_complete
 *fill*         0x200006e9        0x3 
 .data.g_canfd0_bit_timing_cfg
                0x200006ec       0x10 ./ra_gen/hal_data.o
                0x200006ec                g_canfd0_bit_timing_cfg
 .data.g_canfd0_data_timing_cfg
                0x200006fc       0x10 ./ra_gen/hal_data.o
                0x200006fc                g_canfd0_data_timing_cfg
 .data.g_canfd_global_cfg
                0x2000070c       0x18 ./ra_gen/hal_data.o
                0x2000070c                g_canfd_global_cfg
 *fill*         0x20000724        0x4 
 .data.g_canfd0_extended_cfg
                0x20000728       0x20 ./ra_gen/hal_data.o
                0x20000728                g_canfd0_extended_cfg
 .data.g_dtc1_sci9_rxi_info
                0x20000748       0x10 ./ra_gen/hal_data.o
                0x20000748                g_dtc1_sci9_rxi_info
 .data.g_dtc0_sci9_txi_info
                0x20000758       0x10 ./ra_gen/hal_data.o
                0x20000758                g_dtc0_sci9_txi_info
 .data.g_uart9_baud_setting
                0x20000768        0x4 ./ra_gen/hal_data.o
                0x20000768                g_uart9_baud_setting
 .data.g_comparator0_extend
                0x2000076c        0x8 ./ra_gen/hal_data.o
                0x2000076c                g_comparator0_extend
 .data.w.2      0x20000774        0x4 D:\Workspace\gitLab_workspace\cn028-1-digital-power-pfc\CN028_1_3600W_bidirectional_totempole_converter_debug\lib\libDigitPow_Lib.a(digitPow_lib.o)
 .data._impure_ptr
                0x20000778        0x4 d:/cdpf/gnu arm embedded toolchain/10 2021.10/bin/../lib/gcc/arm-none-eabi/10.3.1/../../../../arm-none-eabi/lib/thumb/v8-m.main+fp/hard\libg_nano.a(lib_a-impure.o)
                0x20000778                _impure_ptr
 .data.impure_data
                0x2000077c       0x60 d:/cdpf/gnu arm embedded toolchain/10 2021.10/bin/../lib/gcc/arm-none-eabi/10.3.1/../../../../arm-none-eabi/lib/thumb/v8-m.main+fp/hard\libg_nano.a(lib_a-impure.o)
 *(.data)
                0x200007dc                . = ALIGN (0x4)
                0x200007dc                PROVIDE (__preinit_array_start = .)
 *(.preinit_array)
                0x200007dc                PROVIDE (__preinit_array_end = .)
                0x200007dc                . = ALIGN (0x4)
                0x200007dc                PROVIDE (__init_array_start = .)
 *(SORT_BY_NAME(.init_array.*))
 *(.init_array)
 .init_array    0x200007dc        0x4 d:/cdpf/gnu arm embedded toolchain/10 2021.10/bin/../lib/gcc/arm-none-eabi/10.3.1/thumb/v8-m.main+fp/hard/crtbegin.o
                0x200007e0                PROVIDE (__init_array_end = .)
                0x200007e0                . = ALIGN (0x4)
                [!provide]                PROVIDE (__fini_array_start = .)
 *(SORT_BY_NAME(.fini_array.*))
 *(.fini_array)
 .fini_array    0x200007e0        0x4 d:/cdpf/gnu arm embedded toolchain/10 2021.10/bin/../lib/gcc/arm-none-eabi/10.3.1/thumb/v8-m.main+fp/hard/crtbegin.o
                [!provide]                PROVIDE (__fini_array_end = .)
 *(.jcr*)
                0x200007e4                . = ALIGN (0x4)
                0x200007e4                __data_end__ = .

.igot.plt       0x200007e4        0x0 load address 0x0000c7cc
 .igot.plt      0x200007e4        0x0 d:/cdpf/gnu arm embedded toolchain/10 2021.10/bin/../lib/gcc/arm-none-eabi/10.3.1/thumb/v8-m.main+fp/hard/crtbegin.o

.gnu.sgstubs    0x0000c800        0x0
                0x0000c800                . = (DEFINED (PROJECT_SECURE) && DEFINED (FLASH_NSC_START))?ABSOLUTE (FLASH_NSC_START):ALIGN (0x400)
                0x0000c800                __tz_FLASH_C = DEFINED (FLASH_NSC_START)?ABSOLUTE (FLASH_NSC_START):__RESERVE_NS_RAM?ABSOLUTE ((FLASH_START + FLASH_LENGTH)):ALIGN (0x400)
                0x0000c800                _start_sg = .
 *(.gnu.sgstubs*)
                0x0000c800                . = ALIGN (0x20)
                0x0000c800                _end_sg = .
                0x00010000                __tz_FLASH_N = DEFINED (FLASH_NS_START)?ABSOLUTE (FLASH_NS_START):__RESERVE_NS_RAM?ABSOLUTE ((FLASH_START + FLASH_LENGTH)):(FLASH_LENGTH < 0x8000)?FLASH_LENGTH:ALIGN (0x8000)
                0x00010000                FLASH_NS_IMAGE_START = DEFINED (FLASH_NS_IMAGE_START)?FLASH_NS_IMAGE_START:__tz_FLASH_N
                0x60000000                __tz_QSPI_FLASH_S = ORIGIN (QSPI_FLASH)

.qspi_flash     0x60000000        0x0
                0x60000000                __qspi_flash_start__ = .
 *(.qspi_flash*)
 *(.code_in_qspi*)
                0x60000000                __qspi_flash_end__ = .
                0x00000000                __qspi_flash_code_size__ = (__qspi_flash_end__ - __qspi_flash_start__)
                0x0000c7cc                __qspi_flash_code_addr__ = (__etext + (__data_end__ - __data_start__))

.qspi_non_retentive
                0x60000000        0x0 load address 0x0000c7cc
                0x60000000                __qspi_non_retentive_start__ = .
 *(.qspi_non_retentive*)
                0x60000000                __qspi_non_retentive_end__ = .
                0x00000000                __qspi_non_retentive_size__ = (__qspi_non_retentive_end__ - __qspi_non_retentive_start__)
                0x04000000                __qspi_region_max_size__ = 0x4000000
                0x60000000                __qspi_region_start_address__ = __qspi_flash_start__
                0x64000000                __qspi_region_end_address__ = (__qspi_flash_start__ + __qspi_region_max_size__)
                0x60000000                __tz_QSPI_FLASH_N = __qspi_non_retentive_end__

.OSPI_DEVICE_0_NO_LOAD
                0x68000000        0x0
                0x68000000                . = ALIGN (0x4)
                0x68000000                __ospi_device_0_start__ = .
 *(.ospi_device_0_no_load*)
                0x68000000                . = ALIGN (0x4)
                0x68000000                __ospi_device_0_end__ = .

.OSPI_DEVICE_1_NO_LOAD
                0x70000000        0x0
                0x70000000                . = ALIGN (0x4)
                0x70000000                __ospi_device_1_start__ = .
 *(.ospi_device_1_no_load*)
                0x70000000                . = ALIGN (0x4)
                0x70000000                __ospi_device_1_end__ = .
                0x68000000                __tz_OSPI_DEVICE_0_S = ORIGIN (OSPI_DEVICE_0)

.OSPI_DEVICE_0  0x68000000        0x0
                0x68000000                __ospi_device_0_start__ = .
 *(.ospi_device_0*)
 *(.code_in_ospi_device_0*)
                0x68000000                __ospi_device_0_end__ = .
                0x00000000                __ospi_device_0_code_size__ = (__ospi_device_0_end__ - __ospi_device_0_start__)
                0x0000c7cc                __ospi_device_0_code_addr__ = (__etext + (__data_end__ - __data_start__))

.ospi_device_0_non_retentive
                0x68000000        0x0 load address 0x0000c7cc
                0x68000000                __ospi_device_0_non_retentive_start__ = .
 *(.ospi_device_0_non_retentive*)
                0x68000000                __ospi_device_0_non_retentive_end__ = .
                0x00000000                __ospi_device_0_non_retentive_size__ = (__ospi_device_0_non_retentive_end__ - __ospi_device_0_non_retentive_start__)
                0x08000000                __ospi_device_0_region_max_size__ = 0x8000000
                0x68000000                __ospi_device_0_region_start_address__ = __ospi_device_0_start__
                0x70000000                __ospi_device_0_region_end_address__ = (__ospi_device_0_start__ + __ospi_device_0_region_max_size__)
                0x68000000                __tz_OSPI_DEVICE_0_N = __ospi_device_0_non_retentive_end__
                0x70000000                __tz_OSPI_DEVICE_1_S = ORIGIN (OSPI_DEVICE_1)

.OSPI_DEVICE_1  0x70000000        0x0
                0x70000000                __ospi_device_1_start__ = .
 *(.ospi_device_1*)
 *(.code_in_ospi_device_1*)
                0x70000000                __ospi_device_1_end__ = .
                0x00000000                __ospi_device_1_code_size__ = (__ospi_device_1_end__ - __ospi_device_1_start__)
                0x0000c7cc                __ospi_device_1_code_addr__ = (__etext + (__data_end__ - __data_start__))

.ospi_device_1_non_retentive
                0x70000000        0x0 load address 0x0000c7cc
                0x70000000                __ospi_device_1_non_retentive_start__ = .
 *(.ospi_device_1_non_retentive*)
                0x70000000                __ospi_device_1_non_retentive_end__ = .
                0x00000000                __ospi_device_1_non_retentive_size__ = (__ospi_device_1_non_retentive_end__ - __ospi_device_1_non_retentive_start__)
                0x10000000                __ospi_device_1_region_max_size__ = 0x10000000
                0x70000000                __ospi_device_1_region_start_address__ = __ospi_device_1_start__
                0x80000000                __ospi_device_1_region_end_address__ = (__ospi_device_1_start__ + __ospi_device_1_region_max_size__)
                0x70000000                __tz_OSPI_DEVICE_1_N = __ospi_device_1_non_retentive_end__

.noinit         0x200007e4       0x1c
                0x200007e4                . = ALIGN (0x4)
                0x200007e4                __noinit_start = .
 *(.noinit*)
 .noinit        0x200007e4       0x1c ./ra/fsp/src/bsp/mcu/all/bsp_clocks.o
                0x20000800                . = ALIGN (0x8)
 *(.heap.*)
                0x20000800                __noinit_end = .

.bss            0x20000800      0x7b8
                0x20000800                . = ALIGN (0x4)
                0x20000800                __bss_start__ = .
 *(.bss*)
 .bss           0x20000800       0x1c d:/cdpf/gnu arm embedded toolchain/10 2021.10/bin/../lib/gcc/arm-none-eabi/10.3.1/thumb/v8-m.main+fp/hard/crtbegin.o
 .bss.g_canfd_tx_frame
                0x2000081c       0x4c ./src/can_fd.o
                0x2000081c                g_canfd_tx_frame
 .bss.g_canfd_rx_frame
                0x20000868       0x4c ./src/can_fd.o
                0x20000868                g_canfd_rx_frame
 .bss.b_canfd_rx_complete
                0x200008b4        0x1 ./src/can_fd.o
                0x200008b4                b_canfd_rx_complete
 .bss.f_read    0x200008b5        0x1 ./src/can_fd.o
                0x200008b5                f_read
 *fill*         0x200008b6        0x2 
 .bss.con       0x200008b8       0x2c ./src/console.o
                0x200008b8                con
 .bss.rx_num    0x200008e4        0x1 ./src/console.o
                0x200008e4                rx_num
 *fill*         0x200008e5        0x3 
 .bss.g_sci9_rx_buf
                0x200008e8       0x15 ./src/console.o
                0x200008e8                g_sci9_rx_buf
 *fill*         0x200008fd        0x3 
 .bss.g_sci9_tx_Read1
                0x20000900        0xc ./src/console.o
                0x20000900                g_sci9_tx_Read1
 .bss.g_sci9_tx_Read2
                0x2000090c       0x15 ./src/console.o
                0x2000090c                g_sci9_tx_Read2
 *fill*         0x20000921        0x3 
 .bss.g_sci9_tx_Monitor
                0x20000924       0x14 ./src/console.o
                0x20000924                g_sci9_tx_Monitor
 .bss.g_para    0x20000938       0x70 ./src/digitPow.o
                0x20000938                g_para
 .bss.g_sys     0x200009a8        0x6 ./src/digitPow.o
                0x200009a8                g_sys
 *fill*         0x200009ae        0x2 
 .bss.g_sogi    0x200009b0       0x48 ./src/digitPow.o
                0x200009b0                g_sogi
 .bss.g_iloop_pi
                0x200009f8       0x3c ./src/digitPow.o
                0x200009f8                g_iloop_pi
 .bss.g_vloop_pi
                0x20000a34       0x3c ./src/digitPow.o
                0x20000a34                g_vloop_pi
 .bss.g_iloop_pr
                0x20000a70       0x40 ./src/digitPow.o
                0x20000a70                g_iloop_pr
 .bss.g_vloop_pr
                0x20000ab0       0x40 ./src/digitPow.o
                0x20000ab0                g_vloop_pr
 .bss.ramp_for_vdc
                0x20000af0       0x28 ./src/digitPow.o
                0x20000af0                ramp_for_vdc
 .bss.ramp_for_vac
                0x20000b18       0x28 ./src/digitPow.o
                0x20000b18                ramp_for_vac
 .bss.notchflt_for_vdc
                0x20000b40       0x30 ./src/digitPow.o
                0x20000b40                notchflt_for_vdc
 .bss.captured_kint_sig
                0x20000b70        0x4 ./src/digitPow.o
                0x20000b70                captured_kint_sig
 .bss.kint4_time
                0x20000b74        0x2 ./src/digitPow.o
                0x20000b74                kint4_time
 *fill*         0x20000b76        0x2 
 .bss.Delta.4   0x20000b78        0x4 ./src/digitPow.o
 .bss.MaxStp.3  0x20000b7c        0x4 ./src/digitPow.o
 .bss.OutputTemp.2
                0x20000b80        0x4 ./src/digitPow.o
 .bss.VoutLast.1
                0x20000b84        0x4 ./src/digitPow.o
 .bss.count.0   0x20000b88        0x2 ./src/digitPow.o
 *fill*         0x20000b8a        0x2 
 .bss.hb_cntr   0x20000b8c        0x4 ./src/hal_entry.o
 .bss.key_cntr  0x20000b90        0x4 ./src/hal_entry.o
                0x20000b90                key_cntr
 .bss.Iac_adc_offset
                0x20000b94        0x4 ./src/hal_entry.o
 .bss.press_cont
                0x20000b98        0x4 ./src/hal_entry.o
                0x20000b98                press_cont
 .bss.AC_level.11
                0x20000b9c        0x1 ./src/hal_entry.o
 *fill*         0x20000b9d        0x1 
 .bss.cont.10   0x20000b9e        0x2 ./src/hal_entry.o
 .bss.Fac.9     0x20000ba0        0x4 ./src/hal_entry.o
 .bss.Iac_sum.8
                0x20000ba4        0x4 ./src/hal_entry.o
 .bss.Pac_sum.7
                0x20000ba8        0x4 ./src/hal_entry.o
 .bss.state_cont.6
                0x20000bac        0x2 ./src/hal_entry.o
 *fill*         0x20000bae        0x2 
 .bss.Vac_sum.5
                0x20000bb0        0x4 ./src/hal_entry.o
 .bss.zero_offset_en.3
                0x20000bb4        0x1 ./src/hal_entry.o
 .bss.zero_offset_start.2
                0x20000bb5        0x1 ./src/hal_entry.o
 *fill*         0x20000bb6        0x2 
 .bss.adc_sum0.1
                0x20000bb8        0x4 ./src/hal_entry.o
 .bss.adc_cont.0
                0x20000bbc        0x1 ./src/hal_entry.o
 *fill*         0x20000bbd        0x3 
 .bss.err       0x20000bc0        0x4 ./src/ra6t2.o
                0x20000bc0                err
 .bss.gf_sci9_rx_complete
                0x20000bc4        0x1 ./src/ra6t2.o
                0x20000bc4                gf_sci9_rx_complete
 *fill*         0x20000bc5        0x3 
 .bss.g_kint_signal
                0x20000bc8        0x4 ./src/ra6t2.o
                0x20000bc8                g_kint_signal
 .bss.g_elc_ctrl
                0x20000bcc        0x8 ./ra_gen/common_data.o
                0x20000bcc                g_elc_ctrl
 .bss.g_ioport_ctrl
                0x20000bd4        0x8 ./ra_gen/common_data.o
                0x20000bd4                g_ioport_ctrl
 .bss.g_canfd0_ctrl
                0x20000bdc       0x18 ./ra_gen/hal_data.o
                0x20000bdc                g_canfd0_ctrl
 .bss.g_dac2_ctrl
                0x20000bf4       0x10 ./ra_gen/hal_data.o
                0x20000bf4                g_dac2_ctrl
 .bss.g_dtc1_sci9_rxi_ctrl
                0x20000c04        0x8 ./ra_gen/hal_data.o
                0x20000c04                g_dtc1_sci9_rxi_ctrl
 .bss.g_dtc0_sci9_txi_ctrl
                0x20000c0c        0x8 ./ra_gen/hal_data.o
                0x20000c0c                g_dtc0_sci9_txi_ctrl
 .bss.g_uart9_ctrl
                0x20000c14       0x30 ./ra_gen/hal_data.o
                0x20000c14                g_uart9_ctrl
 .bss.g_gpt9_ctrl
                0x20000c44       0x20 ./ra_gen/hal_data.o
                0x20000c44                g_gpt9_ctrl
 .bss.g_gpt8_ctrl
                0x20000c64       0x20 ./ra_gen/hal_data.o
                0x20000c64                g_gpt8_ctrl
 .bss.g_gpt7_rect_ctrl
                0x20000c84       0x20 ./ra_gen/hal_data.o
                0x20000c84                g_gpt7_rect_ctrl
 .bss.g_three_phase1_ctrl
                0x20000ca4       0x1c ./ra_gen/hal_data.o
                0x20000ca4                g_three_phase1_ctrl
 .bss.g_gpt6_ctrl
                0x20000cc0       0x20 ./ra_gen/hal_data.o
                0x20000cc0                g_gpt6_ctrl
 .bss.g_gpt5_ctrl
                0x20000ce0       0x20 ./ra_gen/hal_data.o
                0x20000ce0                g_gpt5_ctrl
 .bss.g_gpt4_chop_ctrl
                0x20000d00       0x20 ./ra_gen/hal_data.o
                0x20000d00                g_gpt4_chop_ctrl
 .bss.g_three_phase0_ctrl
                0x20000d20       0x1c ./ra_gen/hal_data.o
                0x20000d20                g_three_phase0_ctrl
 .bss.g_dac1_ctrl
                0x20000d3c       0x10 ./ra_gen/hal_data.o
                0x20000d3c                g_dac1_ctrl
 .bss.g_dac0_ctrl
                0x20000d4c       0x10 ./ra_gen/hal_data.o
                0x20000d4c                g_dac0_ctrl
 .bss.g_adc0_ctrl
                0x20000d5c       0x20 ./ra_gen/hal_data.o
                0x20000d5c                g_adc0_ctrl
 .bss.g_dac3_ctrl
                0x20000d7c       0x10 ./ra_gen/hal_data.o
                0x20000d7c                g_dac3_ctrl
 .bss.g_comparator0_ctrl
                0x20000d8c       0x10 ./ra_gen/hal_data.o
                0x20000d8c                g_comparator0_ctrl
 .bss.g_poeg0_ctrl
                0x20000d9c       0x18 ./ra_gen/hal_data.o
                0x20000d9c                g_poeg0_ctrl
 .bss.g_agt1_10kHz_ctrl
                0x20000db4       0x1c ./ra_gen/hal_data.o
                0x20000db4                g_agt1_10kHz_ctrl
 .bss.g_dtc_state_initialized.0
                0x20000dd0        0x1 ./ra/fsp/src/r_dtc/r_dtc.o
 *fill*         0x20000dd1        0x3 
 .bss.gp_ctrl   0x20000dd4        0x4 ./ra/fsp/src/r_canfd/r_canfd.o
 .bss.gp_prv_agt_periods
                0x20000dd8        0x8 ./ra/fsp/src/r_agt/r_agt.o
 .bss.g_bsp_group_irq_sources
                0x20000de0       0x40 ./ra/fsp/src/bsp/mcu/all/bsp_group_irq.o
                0x20000de0                g_bsp_group_irq_sources
 .bss.g_protect_pfswe_counter
                0x20000e20        0x4 ./ra/fsp/src/bsp/mcu/all/bsp_io.o
                0x20000e20                g_protect_pfswe_counter
 .bss.gp_renesas_isr_context
                0x20000e24      0x180 ./ra/fsp/src/bsp/mcu/all/bsp_irq.o
                0x20000e24                gp_renesas_isr_context
 .bss.g_protect_counters
                0x20000fa4        0x8 ./ra/fsp/src/bsp/mcu/all/bsp_register_protection.o
                0x20000fa4                g_protect_counters
 .bss.SystemCoreClock
                0x20000fac        0x4 ./ra/fsp/src/bsp/cmsis/Device/RENESAS/Source/system.o
                0x20000fac                SystemCoreClock
 .bss.amplt_last.1
                0x20000fb0        0x4 D:\Workspace\gitLab_workspace\cn028-1-digital-power-pfc\CN028_1_3600W_bidirectional_totempole_converter_debug\lib\libDigitPow_Lib.a(digitPow_lib.o)
 .bss.w_last.0  0x20000fb4        0x4 D:\Workspace\gitLab_workspace\cn028-1-digital-power-pfc\CN028_1_3600W_bidirectional_totempole_converter_debug\lib\libDigitPow_Lib.a(digitPow_lib.o)
 *(COMMON)
                0x20000fb8                . = ALIGN (0x4)
                0x20000fb8                __bss_end__ = .

.heap           0x20000fb8        0x0
                0x20000fb8                . = ALIGN (0x8)
                0x20000fb8                __HeapBase = .
 *(.heap)
                0x20000fb8                __HeapLimit = .

.stack_dummy    0x20000fb8     0x3000
                0x20000fb8                . = ALIGN (0x8)
                0x20000fb8                __StackLimit = .
 *(.stack)
 .stack         0x20000fb8     0x3000 ./ra/fsp/src/bsp/cmsis/Device/RENESAS/Source/startup.o
                0x20003fb8                __StackTop = .
 *(.stack*)